../Core/Src/main.c:82:6:HAL_UART_RxCpltCallback	16	static
../Core/Src/main.c:98:5:main	8	static
../Core/Src/main.c:160:6:SystemClock_Config	88	static
../Core/Src/main.c:207:13:MX_ADC1_Init	24	static
../Core/Src/main.c:254:13:MX_I2C1_Init	8	static
../Core/Src/main.c:288:13:MX_TIM2_Init	32	static
../Core/Src/main.c:333:13:MX_USART2_UART_Init	8	static
../Core/Src/main.c:366:13:MX_GPIO_Init	40	static
../Core/Src/main.c:430:6:HAL_TIM_PeriodElapsedCallback	16	static
../Core/Src/main.c:441:6:Error_Handler	4	static,ignoring_inline_asm
