Archive member included to satisfy reference by file (symbol)

E:/STM32CubeIDE_1.7.0/STM32CubeIDE/plugins/com.st.stm32cube.ide.mcu.externaltools.gnu-tools-for-stm32.12.3.rel1.win32_1.1.0.202410251130/tools/bin/../lib/gcc/arm-none-eabi/12.3.1/../../../../arm-none-eabi/lib/thumb/v7-m/nofp\libc_nano.a(libc_a-exit.o)
                              E:/STM32CubeIDE_1.7.0/STM32CubeIDE/plugins/com.st.stm32cube.ide.mcu.externaltools.gnu-tools-for-stm32.12.3.rel1.win32_1.1.0.202410251130/tools/bin/../lib/gcc/arm-none-eabi/12.3.1/../../../../arm-none-eabi/lib/thumb/v7-m/nofp/crt0.o (exit)
E:/STM32CubeIDE_1.7.0/STM32CubeIDE/plugins/com.st.stm32cube.ide.mcu.externaltools.gnu-tools-for-stm32.12.3.rel1.win32_1.1.0.202410251130/tools/bin/../lib/gcc/arm-none-eabi/12.3.1/../../../../arm-none-eabi/lib/thumb/v7-m/nofp\libc_nano.a(libc_a-findfp.o)
                              E:/STM32CubeIDE_1.7.0/STM32CubeIDE/plugins/com.st.stm32cube.ide.mcu.externaltools.gnu-tools-for-stm32.12.3.rel1.win32_1.1.0.202410251130/tools/bin/../lib/gcc/arm-none-eabi/12.3.1/../../../../arm-none-eabi/lib/thumb/v7-m/nofp\libc_nano.a(libc_a-exit.o) (__stdio_exit_handler)
E:/STM32CubeIDE_1.7.0/STM32CubeIDE/plugins/com.st.stm32cube.ide.mcu.externaltools.gnu-tools-for-stm32.12.3.rel1.win32_1.1.0.202410251130/tools/bin/../lib/gcc/arm-none-eabi/12.3.1/../../../../arm-none-eabi/lib/thumb/v7-m/nofp\libc_nano.a(libc_a-fwalk.o)
                              E:/STM32CubeIDE_1.7.0/STM32CubeIDE/plugins/com.st.stm32cube.ide.mcu.externaltools.gnu-tools-for-stm32.12.3.rel1.win32_1.1.0.202410251130/tools/bin/../lib/gcc/arm-none-eabi/12.3.1/../../../../arm-none-eabi/lib/thumb/v7-m/nofp\libc_nano.a(libc_a-findfp.o) (_fwalk_sglue)
E:/STM32CubeIDE_1.7.0/STM32CubeIDE/plugins/com.st.stm32cube.ide.mcu.externaltools.gnu-tools-for-stm32.12.3.rel1.win32_1.1.0.202410251130/tools/bin/../lib/gcc/arm-none-eabi/12.3.1/../../../../arm-none-eabi/lib/thumb/v7-m/nofp\libc_nano.a(libc_a-snprintf.o)
                              ./Core/Src/uart_reading.o (snprintf)
E:/STM32CubeIDE_1.7.0/STM32CubeIDE/plugins/com.st.stm32cube.ide.mcu.externaltools.gnu-tools-for-stm32.12.3.rel1.win32_1.1.0.202410251130/tools/bin/../lib/gcc/arm-none-eabi/12.3.1/../../../../arm-none-eabi/lib/thumb/v7-m/nofp\libc_nano.a(libc_a-sprintf.o)
                              ./Core/Src/dht20.o (sprintf)
E:/STM32CubeIDE_1.7.0/STM32CubeIDE/plugins/com.st.stm32cube.ide.mcu.externaltools.gnu-tools-for-stm32.12.3.rel1.win32_1.1.0.202410251130/tools/bin/../lib/gcc/arm-none-eabi/12.3.1/../../../../arm-none-eabi/lib/thumb/v7-m/nofp\libc_nano.a(libc_a-stdio.o)
                              E:/STM32CubeIDE_1.7.0/STM32CubeIDE/plugins/com.st.stm32cube.ide.mcu.externaltools.gnu-tools-for-stm32.12.3.rel1.win32_1.1.0.202410251130/tools/bin/../lib/gcc/arm-none-eabi/12.3.1/../../../../arm-none-eabi/lib/thumb/v7-m/nofp\libc_nano.a(libc_a-findfp.o) (__sread)
E:/STM32CubeIDE_1.7.0/STM32CubeIDE/plugins/com.st.stm32cube.ide.mcu.externaltools.gnu-tools-for-stm32.12.3.rel1.win32_1.1.0.202410251130/tools/bin/../lib/gcc/arm-none-eabi/12.3.1/../../../../arm-none-eabi/lib/thumb/v7-m/nofp\libc_nano.a(libc_a-memset.o)
                              E:/STM32CubeIDE_1.7.0/STM32CubeIDE/plugins/com.st.stm32cube.ide.mcu.externaltools.gnu-tools-for-stm32.12.3.rel1.win32_1.1.0.202410251130/tools/bin/../lib/gcc/arm-none-eabi/12.3.1/../../../../arm-none-eabi/lib/thumb/v7-m/nofp/crt0.o (memset)
E:/STM32CubeIDE_1.7.0/STM32CubeIDE/plugins/com.st.stm32cube.ide.mcu.externaltools.gnu-tools-for-stm32.12.3.rel1.win32_1.1.0.202410251130/tools/bin/../lib/gcc/arm-none-eabi/12.3.1/../../../../arm-none-eabi/lib/thumb/v7-m/nofp\libc_nano.a(libc_a-closer.o)
                              E:/STM32CubeIDE_1.7.0/STM32CubeIDE/plugins/com.st.stm32cube.ide.mcu.externaltools.gnu-tools-for-stm32.12.3.rel1.win32_1.1.0.202410251130/tools/bin/../lib/gcc/arm-none-eabi/12.3.1/../../../../arm-none-eabi/lib/thumb/v7-m/nofp\libc_nano.a(libc_a-stdio.o) (_close_r)
E:/STM32CubeIDE_1.7.0/STM32CubeIDE/plugins/com.st.stm32cube.ide.mcu.externaltools.gnu-tools-for-stm32.12.3.rel1.win32_1.1.0.202410251130/tools/bin/../lib/gcc/arm-none-eabi/12.3.1/../../../../arm-none-eabi/lib/thumb/v7-m/nofp\libc_nano.a(libc_a-reent.o)
                              E:/STM32CubeIDE_1.7.0/STM32CubeIDE/plugins/com.st.stm32cube.ide.mcu.externaltools.gnu-tools-for-stm32.12.3.rel1.win32_1.1.0.202410251130/tools/bin/../lib/gcc/arm-none-eabi/12.3.1/../../../../arm-none-eabi/lib/thumb/v7-m/nofp\libc_nano.a(libc_a-closer.o) (errno)
E:/STM32CubeIDE_1.7.0/STM32CubeIDE/plugins/com.st.stm32cube.ide.mcu.externaltools.gnu-tools-for-stm32.12.3.rel1.win32_1.1.0.202410251130/tools/bin/../lib/gcc/arm-none-eabi/12.3.1/../../../../arm-none-eabi/lib/thumb/v7-m/nofp\libc_nano.a(libc_a-impure.o)
[...]
Memory Configuration

Name             Origin             Length             Attributes
RAM              0x20000000         0x00005000         xrw
FLASH            0x08000000         0x00020000         xr
*default*        0x00000000         0xffffffff

Linker script and memory map

LOAD E:/STM32CubeIDE_1.7.0/STM32CubeIDE/plugins/com.st.stm32cube.ide.mcu.externaltools.gnu-tools-for-stm32.12.3.rel1.win32_1.1.0.202410251130/tools/bin/../lib/gcc/arm-none-eabi/12.3.1/thumb/v7-m/nofp/crti.o
LOAD E:/STM32CubeIDE_1.7.0/STM32CubeIDE/plugins/com.st.stm32cube.ide.mcu.externaltools.gnu-tools-for-stm32.12.3.rel1.win32_1.1.0.202410251130/tools/bin/../lib/gcc/arm-none-eabi/12.3.1/thumb/v7-m/nofp/crtbegin.o
LOAD E:/STM32CubeIDE_1.7.0/STM32CubeIDE/plugins/com.st.stm32cube.ide.mcu.externaltools.gnu-tools-for-stm32.12.3.rel1.win32_1.1.0.202410251130/tools/bin/../lib/gcc/arm-none-eabi/12.3.1/../../../../arm-none-eabi/lib/thumb/v7-m/nofp/crt0.o
LOAD ./Core/Src/dht20.o
LOAD ./Core/Src/i2c-lcd.o
LOAD ./Core/Src/input_button.o
LOAD ./Core/Src/main.o
LOAD ./Core/Src/manual_fsm.o
LOAD ./Core/Src/output_led.o
LOAD ./Core/Src/rain_sensor.o
LOAD ./Core/Src/scheduler.o
LOAD ./Core/Src/software_timer.o
LOAD ./Core/Src/stm32f1xx_hal_msp.o
LOAD ./Core/Src/stm32f1xx_it.o
LOAD ./Core/Src/syscalls.o
LOAD ./Core/Src/sysmem.o
LOAD ./Core/Src/system_stm32f1xx.o
LOAD ./Core/Src/uart_reading.o
LOAD ./Core/Startup/startup_stm32f103rbtx.o
LOAD ./Drivers/STM32F1xx_HAL_Driver/Src/stm32f1xx_hal.o
LOAD ./Drivers/STM32F1xx_HAL_Driver/Src/stm32f1xx_hal_adc.o
LOAD ./Drivers/STM32F1xx_HAL_Driver/Src/stm32f1xx_hal_adc_ex.o
LOAD ./Drivers/STM32F1xx_HAL_Driver/Src/stm32f1xx_hal_cortex.o
LOAD ./Drivers/STM32F1xx_HAL_Driver/Src/stm32f1xx_hal_dma.o
LOAD ./Drivers/STM32F1xx_HAL_Driver/Src/stm32f1xx_hal_exti.o
LOAD ./Drivers/STM32F1xx_HAL_Driver/Src/stm32f1xx_hal_flash.o
LOAD ./Drivers/STM32F1xx_HAL_Driver/Src/stm32f1xx_hal_flash_ex.o
LOAD ./Drivers/STM32F1xx_HAL_Driver/Src/stm32f1xx_hal_gpio.o
LOAD ./Drivers/STM32F1xx_HAL_Driver/Src/stm32f1xx_hal_gpio_ex.o
LOAD ./Drivers/STM32F1xx_HAL_Driver/Src/stm32f1xx_hal_i2c.o
LOAD ./Drivers/STM32F1xx_HAL_Driver/Src/stm32f1xx_hal_pwr.o
LOAD ./Drivers/STM32F1xx_HAL_Driver/Src/stm32f1xx_hal_rcc.o
LOAD ./Drivers/STM32F1xx_HAL_Driver/Src/stm32f1xx_hal_rcc_ex.o
LOAD ./Drivers/STM32F1xx_HAL_Driver/Src/stm32f1xx_hal_tim.o
LOAD ./Drivers/STM32F1xx_HAL_Driver/Src/stm32f1xx_hal_tim_ex.o
LOAD ./Drivers/STM32F1xx_HAL_Driver/Src/stm32f1xx_hal_uart.o
START GROUP
LOAD E:/STM32CubeIDE_1.7.0/STM32CubeIDE/plugins/com.st.stm32cube.ide.mcu.externaltools.gnu-tools-for-stm32.12.3.rel1.win32_1.1.0.202410251130/tools/bin/../lib/gcc/arm-none-eabi/12.3.1/../../../../arm-none-eabi/lib/thumb/v7-m/nofp\libc_nano.a
LOAD E:/STM32CubeIDE_1.7.0/STM32CubeIDE/plugins/com.st.stm32cube.ide.mcu.externaltools.gnu-tools-for-stm32.12.3.rel1.win32_1.1.0.202410251130/tools/bin/../lib/gcc/arm-none-eabi/12.3.1/../../../../arm-none-eabi/lib/thumb/v7-m/nofp\libm.a
END GROUP
START GROUP
LOAD E:/STM32CubeIDE_1.7.0/STM32CubeIDE/plugins/com.st.stm32cube.ide.mcu.externaltools.gnu-tools-for-stm32.12.3.rel1.win32_1.1.0.202410251130/tools/bin/../lib/gcc/arm-none-eabi/12.3.1/thumb/v7-m/nofp\libgcc.a
LOAD E:/STM32CubeIDE_1.7.0/STM32CubeIDE/plugins/com.st.stm32cube.ide.mcu.externaltools.gnu-tools-for-stm32.12.3.rel1.win32_1.1.0.202410251130/tools/bin/../lib/gcc/arm-none-eabi/12.3.1/../../../../arm-none-eabi/lib/thumb/v7-m/nofp\libc_nano.a
END GROUP
START GROUP
LOAD E:/STM32CubeIDE_1.7.0/STM32CubeIDE/plugins/com.st.stm32cube.ide.mcu.externaltools.gnu-tools-for-stm32.12.3.rel1.win32_1.1.0.202410251130/tools/bin/../lib/gcc/arm-none-eabi/12.3.1/thumb/v7-m/nofp\libgcc.a
LOAD E:/STM32CubeIDE_1.7.0/STM32CubeIDE/plugins/com.st.stm32cube.ide.mcu.externaltools.gnu-tools-for-stm32.12.3.rel1.win32_1.1.0.202410251130/tools/bin/../lib/gcc/arm-none-eabi/12.3.1/../../../../arm-none-eabi/lib/thumb/v7-m/nofp\libc_nano.a
LOAD E:/STM32CubeIDE_1.7.0/STM32CubeIDE/plugins/com.st.stm32cube.ide.mcu.externaltools.gnu-tools-for-stm32.12.3.rel1.win32_1.1.0.202410251130/tools/bin/../lib/gcc/arm-none-eabi/12.3.1/../../../../arm-none-eabi/lib/thumb/v7-m/nofp\libnosys.a
END GROUP
START GROUP
LOAD E:/STM32CubeIDE_1.7.0/STM32CubeIDE/plugins/com.st.stm32cube.ide.mcu.externaltools.gnu-tools-for-stm32.12.3.rel1.win32_1.1.0.202410251130/tools/bin/../lib/gcc/arm-none-eabi/12.3.1/thumb/v7-m/nofp\libgcc.a
LOAD E:/STM32CubeIDE_1.7.0/STM32CubeIDE/plugins/com.st.stm32cube.ide.mcu.externaltools.gnu-tools-for-stm32.12.3.rel1.win32_1.1.0.202410251130/tools/bin/../lib/gcc/arm-none-eabi/12.3.1/../../../../arm-none-eabi/lib/thumb/v7-m/nofp\libc_nano.a
LOAD E:/STM32CubeIDE_1.7.0/STM32CubeIDE/plugins/com.st.stm32cube.ide.mcu.externaltools.gnu-tools-for-stm32.12.3.rel1.win32_1.1.0.202410251130/tools/bin/../lib/gcc/arm-none-eabi/12.3.1/../../../../arm-none-eabi/lib/thumb/v7-m/nofp\libnosys.a
END GROUP
LOAD E:/STM32CubeIDE_1.7.0/STM32CubeIDE/plugins/com.st.stm32cube.ide.mcu.externaltools.gnu-tools-for-stm32.12.3.rel1.win32_1.1.0.202410251130/tools/bin/../lib/gcc/arm-none-eabi/12.3.1/thumb/v7-m/nofp/crtend.o
LOAD E:/STM32CubeIDE_1.7.0/STM32CubeIDE/plugins/com.st.stm32cube.ide.mcu.externaltools.gnu-tools-for-stm32.12.3.rel1.win32_1.1.0.202410251130/tools/bin/../lib/gcc/arm-none-eabi/12.3.1/thumb/v7-m/nofp/crtn.o
                0x20005000                        _estack = (ORIGIN (RAM) + LENGTH (RAM))
                0x00000200                        _Min_Heap_Size = 0x200
                0x00000400                        _Min_Stack_Size = 0x400

.isr_vector     0x08000000      0x10c
                0x08000000                        . = ALIGN (0x4)
 *(.isr_vector)
 .isr_vector    0x08000000      0x10c ./Core/Startup/startup_stm32f103rbtx.o
                0x08000000                g_pfnVectors
                0x0800010c                        . = ALIGN (0x4)

.text           0x0800010c     0x6e14
                0x0800010c                        . = ALIGN (0x4)
 *(.text)
 .text          0x0800010c       0x40 E:/STM32CubeIDE_1.7.0/STM32CubeIDE/plugins/com.st.stm32cube.ide.mcu.externaltools.gnu-tools-for-stm32.12.3.rel1.win32_1.1.0.202410251130/tools/bin/../lib/gcc/arm-none-eabi/12.3.1/thumb/v7-m/nofp/crtbegin.o
 .text          0x0800014c       0x10 E:/STM32CubeIDE_1.7.0/STM32CubeIDE/plugins/com.st.stm32cube.ide.mcu.externaltools.gnu-tools-for-stm32.12.3.rel1.win32_1.1.0.202410251130/tools/bin/../lib/gcc/arm-none-eabi/12.3.1/../../../../arm-none-eabi/lib/thumb/v7-m/nofp\libc_nano.a(libc_a-strlen.o)
                0x0800014c                strlen
 .text          0x0800015c      0x21c E:/STM32CubeIDE_1.7.0/STM32CubeIDE/plugins/com.st.stm32cube.ide.mcu.externaltools.gnu-tools-for-stm32.12.3.rel1.win32_1.1.0.202410251130/tools/bin/../lib/gcc/arm-none-eabi/12.3.1/thumb/v7-m/nofp\libgcc.a(_arm_addsubsf3.o)
                0x0800015c                __aeabi_frsub
                0x08000164                __subsf3
                0x08000164                __aeabi_fsub
                0x08000168                __aeabi_fadd
                0x08000168                __addsf3
                0x080002c8                __aeabi_ui2f
                0x080002c8                __floatunsisf
                0x080002d0                __aeabi_i2f
                0x080002d0                __floatsisf
                0x080002ec                __aeabi_ul2f
                0x080002ec                __floatundisf
                0x080002fc                __aeabi_l2f
                0x080002fc                __floatdisf
 .text          0x08000378      0x2a0 E:/STM32CubeIDE_1.7.0/STM32CubeIDE/plugins/com.st.stm32cube.ide.mcu.externaltools.gnu-tools-for-stm32.12.3.rel1.win32_1.1.0.202410251130/tools/bin/../lib/gcc/arm-none-eabi/12.3.1/thumb/v7-m/nofp\libgcc.a(_arm_muldivsf3.o)
                0x08000378                __mulsf3
                0x08000378                __aeabi_fmul
                0x080004e0                __aeabi_fdiv
                0x080004e0                __divsf3
 .text          0x08000618       0x40 E:/STM32CubeIDE_1.7.0/STM32CubeIDE/plugins/com.st.stm32cube.ide.mcu.externaltools.gnu-tools-for-stm32.12.3.rel1.win32_1.1.0.202410251130/tools/bin/../lib/gcc/arm-none-eabi/12.3.1/thumb/v7-m/nofp\libgcc.a(_arm_fixunssfsi.o)
                0x08000618                __fixunssfsi
                0x08000618                __aeabi_f2uiz
 *(.text*)
 .text.dht20_reset
                0x08000658       0x78 ./Core/Src/dht20.o
                0x08000658                dht20_reset
 .text.dht20_start
                0x080006d0       0x8c ./Core/Src/dht20.o
                0x080006d0                dht20_start
 .text.dht20_read
                0x0800075c       0xb8 ./Core/Src/dht20.o
                0x0800075c                dht20_read
 .text.get_dht20_values
                0x08000814       0xd0 ./Core/Src/dht20.o
                0x08000814                get_dht20_values
 .text.reading_fsm_run
                0x080008e4       0xdc ./Core/Src/dht20.o
                0x080008e4                reading_fsm_run
 .text.notification_lights
                0x080009c0       0x60 ./Core/Src/dht20.o
                0x080009c0                notification_lights
 .text.lcd_send_cmd
                0x08000a20       0x60 ./Core/Src/i2c-lcd.o
                0x08000a20                lcd_send_cmd
 .text.lcd_send_data
                0x08000a80       0x60 ./Core/Src/i2c-lcd.o
                0x08000a80                lcd_send_data
 .text.lcd_init
                0x08000ae0       0x5c ./Core/Src/i2c-lcd.o
                0x08000ae0                lcd_init
 .text.lcd_send_string
                0x08000b3c       0x2a ./Core/Src/i2c-lcd.o
                0x08000b3c                lcd_send_string
 .text.lcd_clear_display
                0x08000b66        0xe ./Core/Src/i2c-lcd.o
                0x08000b66                lcd_clear_display
 .text.lcd_goto_XY
                0x08000b74       0x32 ./Core/Src/i2c-lcd.o
                0x08000b74                lcd_goto_XY
 *fill*         0x08000ba6        0x2 
 .text.lcd_greeting
                0x08000ba8       0x34 ./Core/Src/i2c-lcd.o
                0x08000ba8                lcd_greeting
 .text.lcd_show_value
                0x08000bdc       0x2c ./Core/Src/i2c-lcd.o
                0x08000bdc                lcd_show_value
 .text.buttonPressed
                0x08000c08       0x58 ./Core/Src/input_button.o
                0x08000c08                buttonPressed
 .text.HAL_UART_RxCpltCallback
                0x08000c60       0x78 ./Core/Src/main.o
                0x08000c60                HAL_UART_RxCpltCallback
 .text.main     0x08000cd8       0xa0 ./Core/Src/main.o
                0x08000cd8                main
 .text.SystemClock_Config
                0x08000d78       0xb4 ./Core/Src/main.o
                0x08000d78                SystemClock_Config
 .text.MX_ADC1_Init
                0x08000e2c       0x7c ./Core/Src/main.o
 .text.MX_I2C1_Init
                0x08000ea8       0x5c ./Core/Src/main.o
 .text.MX_TIM2_Init
                0x08000f04       0x98 ./Core/Src/main.o
 .text.MX_USART2_UART_Init
                0x08000f9c       0x54 ./Core/Src/main.o
 .text.MX_GPIO_Init
                0x08000ff0      0x13c ./Core/Src/main.o
 .text.HAL_TIM_PeriodElapsedCallback
                0x0800112c       0x18 ./Core/Src/main.o
                0x0800112c                HAL_TIM_PeriodElapsedCallback
 .text.Error_Handler
                0x08001144        0xc ./Core/Src/main.o
                0x08001144                Error_Handler
 .text.fsmInit  0x08001150        0xe ./Core/Src/manual_fsm.o
                0x08001150                fsmInit
 *fill*         0x0800115e        0x2 
 .text.fsmReInit
                0x08001160       0x44 ./Core/Src/manual_fsm.o
                0x08001160                fsmReInit
 .text.fsmRun   0x080011a4       0x48 ./Core/Src/manual_fsm.o
                0x080011a4                fsmRun
 .text.turnOn_RGB
                0x080011ec       0x24 ./Core/Src/output_led.o
                0x080011ec                turnOn_RGB
 .text.turnOn_RGB1
                0x08001210       0x24 ./Core/Src/output_led.o
                0x08001210                turnOn_RGB1
 .text.turnOn_RGB2
                0x08001234       0x24 ./Core/Src/output_led.o
                0x08001234                turnOn_RGB2
 .text.rain_sensor_read
                0x08001258       0x7c ./Core/Src/rain_sensor.o
                0x08001258                rain_sensor_read
 .text.init_read
                0x080012d4       0x14 ./Core/Src/rain_sensor.o
                0x080012d4                init_read
 .text.get_rain_values
                0x080012e8       0x28 ./Core/Src/rain_sensor.o
                0x080012e8                get_rain_values
 .text.display_rain_data
                0x08001310       0xd8 ./Core/Src/rain_sensor.o
                0x08001310                display_rain_data
 .text.SCH_Update
                0x080013e8       0x4c ./Core/Src/scheduler.o
                0x080013e8                SCH_Update
 .text.SCH_Dispatch
                0x08001434       0x34 ./Core/Src/scheduler.o
                0x08001434                SCH_Dispatch
 .text.SCH_AddTask
                0x08001468      0x20c ./Core/Src/scheduler.o
                0x08001468                SCH_AddTask
 .text.SCH_DeleteTask
                0x08001674      0x13c ./Core/Src/scheduler.o
                0x08001674                SCH_DeleteTask
 .text.SCH_RefreshTask
                0x080017b0      0x264 ./Core/Src/scheduler.o
                0x080017b0                SCH_RefreshTask
 .text.timerSet
                0x08001a14       0x40 ./Core/Src/software_timer.o
                0x08001a14                timerSet
 .text.timerRun
                0x08001a54       0x68 ./Core/Src/software_timer.o
                0x08001a54                timerRun
 .text.HAL_MspInit
                0x08001abc       0x64 ./Core/Src/stm32f1xx_hal_msp.o
                0x08001abc                HAL_MspInit
 .text.HAL_ADC_MspInit
                0x08001b20       0x78 ./Core/Src/stm32f1xx_hal_msp.o
                0x08001b20                HAL_ADC_MspInit
 .text.HAL_I2C_MspInit
                0x08001b98       0xa0 ./Core/Src/stm32f1xx_hal_msp.o
                0x08001b98                HAL_I2C_MspInit
 .text.HAL_TIM_Base_MspInit
                0x08001c38       0x48 ./Core/Src/stm32f1xx_hal_msp.o
                0x08001c38                HAL_TIM_Base_MspInit
 .text.HAL_UART_MspInit
                0x08001c80       0xa4 ./Core/Src/stm32f1xx_hal_msp.o
                0x08001c80                HAL_UART_MspInit
 .text.NMI_Handler
                0x08001d24        0x8 ./Core/Src/stm32f1xx_it.o
                0x08001d24                NMI_Handler
 .text.HardFault_Handler
                0x08001d2c        0x8 ./Core/Src/stm32f1xx_it.o
                0x08001d2c                HardFault_Handler
 .text.MemManage_Handler
                0x08001d34        0x8 ./Core/Src/stm32f1xx_it.o
                0x08001d34                MemManage_Handler
 .text.BusFault_Handler
                0x08001d3c        0x8 ./Core/Src/stm32f1xx_it.o
                0x08001d3c                BusFault_Handler
 .text.UsageFault_Handler
                0x08001d44        0x8 ./Core/Src/stm32f1xx_it.o
                0x08001d44                UsageFault_Handler
 .text.SVC_Handler
                0x08001d4c        0xc ./Core/Src/stm32f1xx_it.o
                0x08001d4c                SVC_Handler
 .text.DebugMon_Handler
                0x08001d58        0xc ./Core/Src/stm32f1xx_it.o
                0x08001d58                DebugMon_Handler
 .text.PendSV_Handler
                0x08001d64        0xc ./Core/Src/stm32f1xx_it.o
                0x08001d64                PendSV_Handler
 .text.SysTick_Handler
                0x08001d70        0xc ./Core/Src/stm32f1xx_it.o
                0x08001d70                SysTick_Handler
 .text.TIM2_IRQHandler
                0x08001d7c       0x14 ./Core/Src/stm32f1xx_it.o
                0x08001d7c                TIM2_IRQHandler
 .text.USART2_IRQHandler
                0x08001d90       0x14 ./Core/Src/stm32f1xx_it.o
                0x08001d90                USART2_IRQHandler
 .text._sbrk    0x08001da4       0x6c ./Core/Src/sysmem.o
                0x08001da4                _sbrk
 .text.SystemInit
                0x08001e10        0xc ./Core/Src/system_stm32f1xx.o
                0x08001e10                SystemInit
 .text.isCmdEqualToRST
                0x08001e1c       0x2a ./Core/Src/uart_reading.o
                0x08001e1c                isCmdEqualToRST
 .text.isCmdEqualToCAP
                0x08001e46       0x2a ./Core/Src/uart_reading.o
                0x08001e46                isCmdEqualToCAP
 .text.cmd_parser_fsm
                0x08001e70       0xd0 ./Core/Src/uart_reading.o
                0x08001e70                cmd_parser_fsm
 .text.uart_control_fsm
                0x08001f40       0xd0 ./Core/Src/uart_reading.o
                0x08001f40                uart_control_fsm
 .text.Scan_Addr
                0x08002010       0xc4 ./Core/Src/uart_reading.o
                0x08002010                Scan_Addr
 .text.send_data
                0x080020d4      0x130 ./Core/Src/uart_reading.o
                0x080020d4                send_data
 .text.commandParser
                0x08002204       0x30 ./Core/Src/uart_reading.o
                0x08002204                commandParser
 .text.Reset_Handler
                0x08002234       0x48 ./Core/Startup/startup_stm32f103rbtx.o
                0x08002234                Reset_Handler
 .text.Default_Handler
                0x0800227c        0x2 ./Core/Startup/startup_stm32f103rbtx.o
                0x0800227c                RTC_Alarm_IRQHandler
                0x0800227c                EXTI2_IRQHandler
                0x0800227c                TIM1_CC_IRQHandler
                0x0800227c                PVD_IRQHandler
                0x0800227c                EXTI3_IRQHandler
                0x0800227c                EXTI0_IRQHandler
                0x0800227c                I2C2_EV_IRQHandler
                0x0800227c                ADC1_2_IRQHandler
                0x0800227c                SPI1_IRQHandler
                0x0800227c                TAMPER_IRQHandler
                0x0800227c                DMA1_Channel4_IRQHandler
                0x0800227c                USART3_IRQHandler
                0x0800227c                RTC_IRQHandler
                0x0800227c                DMA1_Channel7_IRQHandler
                0x0800227c                CAN1_RX1_IRQHandler
                0x0800227c                TIM4_IRQHandler
                0x0800227c                I2C1_EV_IRQHandler
                0x0800227c                DMA1_Channel6_IRQHandler
                0x0800227c                TIM3_IRQHandler
                0x0800227c                RCC_IRQHandler
                0x0800227c                TIM1_TRG_COM_IRQHandler
                0x0800227c                DMA1_Channel1_IRQHandler
                0x0800227c                Default_Handler
                0x0800227c                EXTI15_10_IRQHandler
                0x0800227c                EXTI9_5_IRQHandler
                0x0800227c                SPI2_IRQHandler
                0x0800227c                DMA1_Channel5_IRQHandler
                0x0800227c                EXTI4_IRQHandler
                0x0800227c                USB_LP_CAN1_RX0_IRQHandler
                0x0800227c                USB_HP_CAN1_TX_IRQHandler
                0x0800227c                DMA1_Channel3_IRQHandler
                0x0800227c                TIM1_UP_IRQHandler
                0x0800227c                WWDG_IRQHandler
                0x0800227c                TIM1_BRK_IRQHandler
                0x0800227c                EXTI1_IRQHandler
                0x0800227c                I2C2_ER_IRQHandler
                0x0800227c                DMA1_Channel2_IRQHandler
                0x0800227c                CAN1_SCE_IRQHandler
                0x0800227c                FLASH_IRQHandler
                0x0800227c                USART1_IRQHandler
                0x0800227c                I2C1_ER_IRQHandler
                0x0800227c                USBWakeUp_IRQHandler
 *fill*         0x0800227e        0x2 
 .text.HAL_Init
                0x08002280       0x2c ./Drivers/STM32F1xx_HAL_Driver/Src/stm32f1xx_hal.o
                0x08002280                HAL_Init
 .text.HAL_InitTick
                0x080022ac       0x60 ./Drivers/STM32F1xx_HAL_Driver/Src/stm32f1xx_hal.o
                0x080022ac                HAL_InitTick
 .text.HAL_IncTick
                0x0800230c       0x24 ./Drivers/STM32F1xx_HAL_Driver/Src/stm32f1xx_hal.o
                0x0800230c                HAL_IncTick
 .text.HAL_GetTick
                0x08002330       0x14 ./Drivers/STM32F1xx_HAL_Driver/Src/stm32f1xx_hal.o
                0x08002330                HAL_GetTick
 .text.HAL_Delay
                0x08002344       0x48 ./Drivers/STM32F1xx_HAL_Driver/Src/stm32f1xx_hal.o
                0x08002344                HAL_Delay
 .text.HAL_ADC_Init
                0x0800238c      0x1b0 ./Drivers/STM32F1xx_HAL_Driver/Src/stm32f1xx_hal_adc.o
                0x0800238c                HAL_ADC_Init
 .text.HAL_ADC_Start
                0x0800253c      0x15c ./Drivers/STM32F1xx_HAL_Driver/Src/stm32f1xx_hal_adc.o
                0x0800253c                HAL_ADC_Start
 .text.HAL_ADC_PollForConversion
                0x08002698      0x20c ./Drivers/STM32F1xx_HAL_Driver/Src/stm32f1xx_hal_adc.o
                0x08002698                HAL_ADC_PollForConversion
 .text.HAL_ADC_GetValue
                0x080028a4       0x18 ./Drivers/STM32F1xx_HAL_Driver/Src/stm32f1xx_hal_adc.o
                0x080028a4                HAL_ADC_GetValue
 .text.HAL_ADC_ConfigChannel
                0x080028bc      0x1f0 ./Drivers/STM32F1xx_HAL_Driver/Src/stm32f1xx_hal_adc.o
                0x080028bc                HAL_ADC_ConfigChannel
 .text.ADC_Enable
                0x08002aac       0xb4 ./Drivers/STM32F1xx_HAL_Driver/Src/stm32f1xx_hal_adc.o
                0x08002aac                ADC_Enable
 .text.ADC_ConversionStop_Disable
                0x08002b60       0x82 ./Drivers/STM32F1xx_HAL_Driver/Src/stm32f1xx_hal_adc.o
                0x08002b60                ADC_ConversionStop_Disable
 *fill*         0x08002be2        0x2 
 .text.__NVIC_SetPriorityGrouping
                0x08002be4       0x48 ./Drivers/STM32F1xx_HAL_Driver/Src/stm32f1xx_hal_cortex.o
 .text.__NVIC_GetPriorityGrouping
                0x08002c2c       0x1c ./Drivers/STM32F1xx_HAL_Driver/Src/stm32f1xx_hal_cortex.o
 .text.__NVIC_EnableIRQ
                0x08002c48       0x38 ./Drivers/STM32F1xx_HAL_Driver/Src/stm32f1xx_hal_cortex.o
 .text.__NVIC_SetPriority
                0x08002c80       0x54 ./Drivers/STM32F1xx_HAL_Driver/Src/stm32f1xx_hal_cortex.o
 .text.NVIC_EncodePriority
                0x08002cd4       0x64 ./Drivers/STM32F1xx_HAL_Driver/Src/stm32f1xx_hal_cortex.o
 .text.SysTick_Config
                0x08002d38       0x44 ./Drivers/STM32F1xx_HAL_Driver/Src/stm32f1xx_hal_cortex.o
 .text.HAL_NVIC_SetPriorityGrouping
                0x08002d7c       0x16 ./Drivers/STM32F1xx_HAL_Driver/Src/stm32f1xx_hal_cortex.o
                0x08002d7c                HAL_NVIC_SetPriorityGrouping
 .text.HAL_NVIC_SetPriority
                0x08002d92       0x38 ./Drivers/STM32F1xx_HAL_Driver/Src/stm32f1xx_hal_cortex.o
                0x08002d92                HAL_NVIC_SetPriority
 .text.HAL_NVIC_EnableIRQ
                0x08002dca       0x1c ./Drivers/STM32F1xx_HAL_Driver/Src/stm32f1xx_hal_cortex.o
                0x08002dca                HAL_NVIC_EnableIRQ
 .text.HAL_SYSTICK_Config
                0x08002de6       0x18 ./Drivers/STM32F1xx_HAL_Driver/Src/stm32f1xx_hal_cortex.o
                0x08002de6                HAL_SYSTICK_Config
 .text.HAL_DMA_Abort
                0x08002dfe       0x76 ./Drivers/STM32F1xx_HAL_Driver/Src/stm32f1xx_hal_dma.o
                0x08002dfe                HAL_DMA_Abort
 .text.HAL_DMA_Abort_IT
                0x08002e74       0xf0 ./Drivers/STM32F1xx_HAL_Driver/Src/stm32f1xx_hal_dma.o
                0x08002e74                HAL_DMA_Abort_IT
 .text.HAL_GPIO_Init
                0x08002f64      0x308 ./Drivers/STM32F1xx_HAL_Driver/Src/stm32f1xx_hal_gpio.o
                0x08002f64                HAL_GPIO_Init
 .text.HAL_GPIO_ReadPin
                0x0800326c       0x2e ./Drivers/STM32F1xx_HAL_Driver/Src/stm32f1xx_hal_gpio.o
                0x0800326c                HAL_GPIO_ReadPin
 .text.HAL_GPIO_WritePin
                0x0800329a       0x30 ./Drivers/STM32F1xx_HAL_Driver/Src/stm32f1xx_hal_gpio.o
                0x0800329a                HAL_GPIO_WritePin
 *fill*         0x080032ca        0x2 
 .text.HAL_I2C_Init
                0x080032cc      0x288 ./Drivers/STM32F1xx_HAL_Driver/Src/stm32f1xx_hal_i2c.o
                0x080032cc                HAL_I2C_Init
 .text.HAL_I2C_Master_Transmit
                0x08003554      0x1fc ./Drivers/STM32F1xx_HAL_Driver/Src/stm32f1xx_hal_i2c.o
                0x08003554                HAL_I2C_Master_Transmit
 .text.HAL_I2C_Master_Receive
                0x08003750      0x4d8 ./Drivers/STM32F1xx_HAL_Driver/Src/stm32f1xx_hal_i2c.o
                0x08003750                HAL_I2C_Master_Receive
 .text.HAL_I2C_IsDeviceReady
                0x08003c28      0x25c ./Drivers/STM32F1xx_HAL_Driver/Src/stm32f1xx_hal_i2c.o
                0x08003c28                HAL_I2C_IsDeviceReady
 .text.I2C_MasterRequestWrite
                0x08003e84      0x104 ./Drivers/STM32F1xx_HAL_Driver/Src/stm32f1xx_hal_i2c.o
 .text.I2C_MasterRequestRead
                0x08003f88      0x19c ./Drivers/STM32F1xx_HAL_Driver/Src/stm32f1xx_hal_i2c.o
 .text.I2C_WaitOnFlagUntilTimeout
                0x08004124       0xf4 ./Drivers/STM32F1xx_HAL_Driver/Src/stm32f1xx_hal_i2c.o
 .text.I2C_WaitOnMasterAddressFlagUntilTimeout
                0x08004218      0x140 ./Drivers/STM32F1xx_HAL_Driver/Src/stm32f1xx_hal_i2c.o
 .text.I2C_WaitOnTXEFlagUntilTimeout
                0x08004358       0x90 ./Drivers/STM32F1xx_HAL_Driver/Src/stm32f1xx_hal_i2c.o
 .text.I2C_WaitOnBTFFlagUntilTimeout
                0x080043e8       0x90 ./Drivers/STM32F1xx_HAL_Driver/Src/stm32f1xx_hal_i2c.o
 .text.I2C_WaitOnRXNEFlagUntilTimeout
                0x08004478       0xba ./Drivers/STM32F1xx_HAL_Driver/Src/stm32f1xx_hal_i2c.o
 .text.I2C_IsAcknowledgeFailed
                0x08004532       0x5c ./Drivers/STM32F1xx_HAL_Driver/Src/stm32f1xx_hal_i2c.o
 *fill*         0x0800458e        0x2 
 .text.HAL_RCC_OscConfig
                0x08004590      0x504 ./Drivers/STM32F1xx_HAL_Driver/Src/stm32f1xx_hal_rcc.o
                0x08004590                HAL_RCC_OscConfig
 .text.HAL_RCC_ClockConfig
                0x08004a94      0x1d4 ./Drivers/STM32F1xx_HAL_Driver/Src/stm32f1xx_hal_rcc.o
                0x08004a94                HAL_RCC_ClockConfig
 .text.HAL_RCC_GetSysClockFreq
                0x08004c68       0xa8 ./Drivers/STM32F1xx_HAL_Driver/Src/stm32f1xx_hal_rcc.o
                0x08004c68                HAL_RCC_GetSysClockFreq
 .text.HAL_RCC_GetHCLKFreq
                0x08004d10       0x14 ./Drivers/STM32F1xx_HAL_Driver/Src/stm32f1xx_hal_rcc.o
                0x08004d10                HAL_RCC_GetHCLKFreq
 .text.HAL_RCC_GetPCLK1Freq
                0x08004d24       0x28 ./Drivers/STM32F1xx_HAL_Driver/Src/stm32f1xx_hal_rcc.o
                0x08004d24                HAL_RCC_GetPCLK1Freq
 .text.HAL_RCC_GetPCLK2Freq
                0x08004d4c       0x28 ./Drivers/STM32F1xx_HAL_Driver/Src/stm32f1xx_hal_rcc.o
                0x08004d4c                HAL_RCC_GetPCLK2Freq
 .text.RCC_Delay
                0x08004d74       0x3c ./Drivers/STM32F1xx_HAL_Driver/Src/stm32f1xx_hal_rcc.o
 .text.HAL_RCCEx_PeriphCLKConfig
                0x08004db0      0x16c ./Drivers/STM32F1xx_HAL_Driver/Src/stm32f1xx_hal_rcc_ex.o
                0x08004db0                HAL_RCCEx_PeriphCLKConfig
 .text.HAL_RCCEx_GetPeriphCLKFreq
                0x08004f1c      0x16c ./Drivers/STM32F1xx_HAL_Driver/Src/stm32f1xx_hal_rcc_ex.o
                0x08004f1c                HAL_RCCEx_GetPeriphCLKFreq
 .text.HAL_TIM_Base_Init
                0x08005088       0x9e ./Drivers/STM32F1xx_HAL_Driver/Src/stm32f1xx_hal_tim.o
                0x08005088                HAL_TIM_Base_Init
 *fill*         0x08005126        0x2 
 .text.HAL_TIM_Base_Start_IT
                0x08005128       0xa4 ./Drivers/STM32F1xx_HAL_Driver/Src/stm32f1xx_hal_tim.o
                0x08005128                HAL_TIM_Base_Start_IT
 .text.HAL_TIM_IRQHandler
                0x080051cc      0x1e0 ./Drivers/STM32F1xx_HAL_Driver/Src/stm32f1xx_hal_tim.o
                0x080051cc                HAL_TIM_IRQHandler
 .text.HAL_TIM_ConfigClockSource
                0x080053ac      0x18e ./Drivers/STM32F1xx_HAL_Driver/Src/stm32f1xx_hal_tim.o
                0x080053ac                HAL_TIM_ConfigClockSource
 .text.HAL_TIM_OC_DelayElapsedCallback
                0x0800553a       0x12 ./Drivers/STM32F1xx_HAL_Driver/Src/stm32f1xx_hal_tim.o
                0x0800553a                HAL_TIM_OC_DelayElapsedCallback
 .text.HAL_TIM_IC_CaptureCallback
                0x0800554c       0x12 ./Drivers/STM32F1xx_HAL_Driver/Src/stm32f1xx_hal_tim.o
                0x0800554c                HAL_TIM_IC_CaptureCallback
 .text.HAL_TIM_PWM_PulseFinishedCallback
                0x0800555e       0x12 ./Drivers/STM32F1xx_HAL_Driver/Src/stm32f1xx_hal_tim.o
                0x0800555e                HAL_TIM_PWM_PulseFinishedCallback
 .text.HAL_TIM_TriggerCallback
                0x08005570       0x12 ./Drivers/STM32F1xx_HAL_Driver/Src/stm32f1xx_hal_tim.o
                0x08005570                HAL_TIM_TriggerCallback
 *fill*         0x08005582        0x2 
 .text.TIM_Base_SetConfig
                0x08005584       0xdc ./Drivers/STM32F1xx_HAL_Driver/Src/stm32f1xx_hal_tim.o
                0x08005584                TIM_Base_SetConfig
 .text.TIM_TI1_ConfigInputStage
                0x08005660       0x5c ./Drivers/STM32F1xx_HAL_Driver/Src/stm32f1xx_hal_tim.o
 .text.TIM_TI2_ConfigInputStage
                0x080056bc       0x5e ./Drivers/STM32F1xx_HAL_Driver/Src/stm32f1xx_hal_tim.o
 .text.TIM_ITRx_SetConfig
                0x0800571a       0x34 ./Drivers/STM32F1xx_HAL_Driver/Src/stm32f1xx_hal_tim.o
 .text.TIM_ETR_SetConfig
                0x0800574e       0x3e ./Drivers/STM32F1xx_HAL_Driver/Src/stm32f1xx_hal_tim.o
                0x0800574e                TIM_ETR_SetConfig
 .text.HAL_TIMEx_MasterConfigSynchronization
                0x0800578c       0xbc ./Drivers/STM32F1xx_HAL_Driver/Src/stm32f1xx_hal_tim_ex.o
                0x0800578c                HAL_TIMEx_MasterConfigSynchronization
 .text.HAL_TIMEx_CommutCallback
                0x08005848       0x12 ./Drivers/STM32F1xx_HAL_Driver/Src/stm32f1xx_hal_tim_ex.o
                0x08005848                HAL_TIMEx_CommutCallback
 .text.HAL_TIMEx_BreakCallback
                0x0800585a       0x12 ./Drivers/STM32F1xx_HAL_Driver/Src/stm32f1xx_hal_tim_ex.o
                0x0800585a                HAL_TIMEx_BreakCallback
 .text.HAL_UART_Init
                0x0800586c       0xa0 ./Drivers/STM32F1xx_HAL_Driver/Src/stm32f1xx_hal_uart.o
                0x0800586c                HAL_UART_Init
 .text.HAL_UART_Transmit
                0x0800590c      0x116 ./Drivers/STM32F1xx_HAL_Driver/Src/stm32f1xx_hal_uart.o
                0x0800590c                HAL_UART_Transmit
 .text.HAL_UART_Receive_IT
                0x08005a22       0x4a ./Drivers/STM32F1xx_HAL_Driver/Src/stm32f1xx_hal_uart.o
                0x08005a22                HAL_UART_Receive_IT
 .text.HAL_UART_IRQHandler
                0x08005a6c      0x524 ./Drivers/STM32F1xx_HAL_Driver/Src/stm32f1xx_hal_uart.o
                0x08005a6c                HAL_UART_IRQHandler
 .text.HAL_UART_TxCpltCallback
                0x08005f90       0x12 ./Drivers/STM32F1xx_HAL_Driver/Src/stm32f1xx_hal_uart.o
                0x08005f90                HAL_UART_TxCpltCallback
 .text.HAL_UART_ErrorCallback
                0x08005fa2       0x12 ./Drivers/STM32F1xx_HAL_Driver/Src/stm32f1xx_hal_uart.o
                0x08005fa2                HAL_UART_ErrorCallback
 .text.HAL_UARTEx_RxEventCallback
                0x08005fb4       0x16 ./Drivers/STM32F1xx_HAL_Driver/Src/stm32f1xx_hal_uart.o
                0x08005fb4                HAL_UARTEx_RxEventCallback
 .text.UART_WaitOnFlagUntilTimeout
                0x08005fca       0xb2 ./Drivers/STM32F1xx_HAL_Driver/Src/stm32f1xx_hal_uart.o
 .text.UART_Start_Receive_IT
                0x0800607c       0x72 ./Drivers/STM32F1xx_HAL_Driver/Src/stm32f1xx_hal_uart.o
                0x0800607c                UART_Start_Receive_IT
 .text.UART_EndRxTransfer
                0x080060ee       0xc4 ./Drivers/STM32F1xx_HAL_Driver/Src/stm32f1xx_hal_uart.o
 .text.UART_DMAAbortOnError
                0x080061b2       0x28 ./Drivers/STM32F1xx_HAL_Driver/Src/stm32f1xx_hal_uart.o
 .text.UART_Transmit_IT
                0x080061da       0x9e ./Drivers/STM32F1xx_HAL_Driver/Src/stm32f1xx_hal_uart.o
 .text.UART_EndTransmit_IT
                0x08006278       0x30 ./Drivers/STM32F1xx_HAL_Driver/Src/stm32f1xx_hal_uart.o
 .text.UART_Receive_IT
                0x080062a8      0x17c ./Drivers/STM32F1xx_HAL_Driver/Src/stm32f1xx_hal_uart.o
 .text.UART_SetConfig
                0x08006424      0x11c ./Drivers/STM32F1xx_HAL_Driver/Src/stm32f1xx_hal_uart.o
 .text.snprintf
                0x08006540       0x68 E:/STM32CubeIDE_1.7.0/STM32CubeIDE/plugins/com.st.stm32cube.ide.mcu.externaltools.gnu-tools-for-stm32.12.3.rel1.win32_1.1.0.202410251130/tools/bin/../lib/gcc/arm-none-eabi/12.3.1/../../../../arm-none-eabi/lib/thumb/v7-m/nofp\libc_nano.a(libc_a-snprintf.o)
                0x08006540                sniprintf
                0x08006540                snprintf
 .text.sprintf  0x080065a8       0x40 E:/STM32CubeIDE_1.7.0/STM32CubeIDE/plugins/com.st.stm32cube.ide.mcu.externaltools.gnu-tools-for-stm32.12.3.rel1.win32_1.1.0.202410251130/tools/bin/../lib/gcc/arm-none-eabi/12.3.1/../../../../arm-none-eabi/lib/thumb/v7-m/nofp\libc_nano.a(libc_a-sprintf.o)
                0x080065a8                siprintf
                0x080065a8                sprintf
 .text.memset   0x080065e8       0x10 E:/STM32CubeIDE_1.7.0/STM32CubeIDE/plugins/com.st.stm32cube.ide.mcu.externaltools.gnu-tools-for-stm32.12.3.rel1.win32_1.1.0.202410251130/tools/bin/../lib/gcc/arm-none-eabi/12.3.1/../../../../arm-none-eabi/lib/thumb/v7-m/nofp\libc_nano.a(libc_a-memset.o)
                0x080065e8                memset
 .text.__errno  0x080065f8        0xc E:/STM32CubeIDE_1.7.0/STM32CubeIDE/plugins/com.st.stm32cube.ide.mcu.externaltools.gnu-tools-for-stm32.12.3.rel1.win32_1.1.0.202410251130/tools/bin/../lib/gcc/arm-none-eabi/12.3.1/../../../../arm-none-eabi/lib/thumb/v7-m/nofp\libc_nano.a(libc_a-errno.o)
                0x080065f8                __errno
 .text.__libc_init_array
                0x08006604       0x48 E:/STM32CubeIDE_1.7.0/STM32CubeIDE/plugins/com.st.stm32cube.ide.mcu.externaltools.gnu-tools-for-stm32.12.3.rel1.win32_1.1.0.202410251130/tools/bin/../lib/gcc/arm-none-eabi/12.3.1/../../../../arm-none-eabi/lib/thumb/v7-m/nofp\libc_nano.a(libc_a-init.o)
                0x08006604                __libc_init_array
 .text.__retarget_lock_acquire_recursive
                0x0800664c        0x2 E:/STM32CubeIDE_1.7.0/STM32CubeIDE/plugins/com.st.stm32cube.ide.mcu.externaltools.gnu-tools-for-stm32.12.3.rel1.win32_1.1.0.202410251130/tools/bin/../lib/gcc/arm-none-eabi/12.3.1/../../../../arm-none-eabi/lib/thumb/v7-m/nofp\libc_nano.a(libc_a-lock.o)
                0x0800664c                __retarget_lock_acquire_recursive
 .text.__retarget_lock_release_recursive
                0x0800664e        0x2 E:/STM32CubeIDE_1.7.0/STM32CubeIDE/plugins/com.st.stm32cube.ide.mcu.externaltools.gnu-tools-for-stm32.12.3.rel1.win32_1.1.0.202410251130/tools/bin/../lib/gcc/arm-none-eabi/12.3.1/../../../../arm-none-eabi/lib/thumb/v7-m/nofp\libc_nano.a(libc_a-lock.o)
                0x0800664e                __retarget_lock_release_recursive
 .text._free_r  0x08006650       0x90 E:/STM32CubeIDE_1.7.0/STM32CubeIDE/plugins/com.st.stm32cube.ide.mcu.externaltools.gnu-tools-for-stm32.12.3.rel1.win32_1.1.0.202410251130/tools/bin/../lib/gcc/arm-none-eabi/12.3.1/../../../../arm-none-eabi/lib/thumb/v7-m/nofp\libc_nano.a(libc_a-freer.o)
                0x08006650                _free_r
 .text.sbrk_aligned
                0x080066e0       0x44 E:/STM32CubeIDE_1.7.0/STM32CubeIDE/plugins/com.st.stm32cube.ide.mcu.externaltools.gnu-tools-for-stm32.12.3.rel1.win32_1.1.0.202410251130/tools/bin/../lib/gcc/arm-none-eabi/12.3.1/../../../../arm-none-eabi/lib/thumb/v7-m/nofp\libc_nano.a(libc_a-mallocr.o)
 .text._malloc_r
                0x08006724      0x100 E:/STM32CubeIDE_1.7.0/STM32CubeIDE/plugins/com.st.stm32cube.ide.mcu.externaltools.gnu-tools-for-stm32.12.3.rel1.win32_1.1.0.202410251130/tools/bin/../lib/gcc/arm-none-eabi/12.3.1/../../../../arm-none-eabi/lib/thumb/v7-m/nofp\libc_nano.a(libc_a-mallocr.o)
                0x08006724                _malloc_r
 .text.__malloc_lock
                0x08006824        0xc E:/STM32CubeIDE_1.7.0/STM32CubeIDE/plugins/com.st.stm32cube.ide.mcu.externaltools.gnu-tools-for-stm32.12.3.rel1.win32_1.1.0.202410251130/tools/bin/../lib/gcc/arm-none-eabi/12.3.1/../../../../arm-none-eabi/lib/thumb/v7-m/nofp\libc_nano.a(libc_a-mlock.o)
                0x08006824                __malloc_lock
 .text.__malloc_unlock
                0x08006830        0xc E:/STM32CubeIDE_1.7.0/STM32CubeIDE/plugins/com.st.stm32cube.ide.mcu.externaltools.gnu-tools-for-stm32.12.3.rel1.win32_1.1.0.202410251130/tools/bin/../lib/gcc/arm-none-eabi/12.3.1/../../../../arm-none-eabi/lib/thumb/v7-m/nofp\libc_nano.a(libc_a-mlock.o)
                0x08006830                __malloc_unlock
 .text.__ssputs_r
                0x0800683c       0xb6 E:/STM32CubeIDE_1.7.0/STM32CubeIDE/plugins/com.st.stm32cube.ide.mcu.externaltools.gnu-tools-for-stm32.12.3.rel1.win32_1.1.0.202410251130/tools/bin/../lib/gcc/arm-none-eabi/12.3.1/../../../../arm-none-eabi/lib/thumb/v7-m/nofp\libc_nano.a(libc_a-nano-svfprintf.o)
                0x0800683c                __ssputs_r
 *fill*         0x080068f2        0x2 
 .text._svfprintf_r
                0x080068f4      0x1f8 E:/STM32CubeIDE_1.7.0/STM32CubeIDE/plugins/com.st.stm32cube.ide.mcu.externaltools.gnu-tools-for-stm32.12.3.rel1.win32_1.1.0.202410251130/tools/bin/../lib/gcc/arm-none-eabi/12.3.1/../../../../arm-none-eabi/lib/thumb/v7-m/nofp\libc_nano.a(libc_a-nano-svfprintf.o)
                0x080068f4                _svfiprintf_r
                0x080068f4                _svfprintf_r
 .text._printf_common
                0x08006aec       0xe4 E:/STM32CubeIDE_1.7.0/STM32CubeIDE/plugins/com.st.stm32cube.ide.mcu.externaltools.gnu-tools-for-stm32.12.3.rel1.win32_1.1.0.202410251130/tools/bin/../lib/gcc/arm-none-eabi/12.3.1/../../../../arm-none-eabi/lib/thumb/v7-m/nofp\libc_nano.a(libc_a-nano-vfprintf_i.o)
                0x08006aec                _printf_common
 .text._printf_i
                0x08006bd0      0x240 E:/STM32CubeIDE_1.7.0/STM32CubeIDE/plugins/com.st.stm32cube.ide.mcu.externaltools.gnu-tools-for-stm32.12.3.rel1.win32_1.1.0.202410251130/tools/bin/../lib/gcc/arm-none-eabi/12.3.1/../../../../arm-none-eabi/lib/thumb/v7-m/nofp\libc_nano.a(libc_a-nano-vfprintf_i.o)
                0x08006bd0                _printf_i
 .text.memmove  0x08006e10       0x34 E:/STM32CubeIDE_1.7.0/STM32CubeIDE/plugins/com.st.stm32cube.ide.mcu.externaltools.gnu-tools-for-stm32.12.3.rel1.win32_1.1.0.202410251130/tools/bin/../lib/gcc/arm-none-eabi/12.3.1/../../../../arm-none-eabi/lib/thumb/v7-m/nofp\libc_nano.a(libc_a-memmove.o)
                0x08006e10                memmove
 .text._sbrk_r  0x08006e44       0x20 E:/STM32CubeIDE_1.7.0/STM32CubeIDE/plugins/com.st.stm32cube.ide.mcu.externaltools.gnu-tools-for-stm32.12.3.rel1.win32_1.1.0.202410251130/tools/bin/../lib/gcc/arm-none-eabi/12.3.1/../../../../arm-none-eabi/lib/thumb/v7-m/nofp\libc_nano.a(libc_a-sbrkr.o)
                0x08006e44                _sbrk_r
 .text.memchr   0x08006e64       0x1c E:/STM32CubeIDE_1.7.0/STM32CubeIDE/plugins/com.st.stm32cube.ide.mcu.externaltools.gnu-tools-for-stm32.12.3.rel1.win32_1.1.0.202410251130/tools/bin/../lib/gcc/arm-none-eabi/12.3.1/../../../../arm-none-eabi/lib/thumb/v7-m/nofp\libc_nano.a(libc_a-memchr-stub.o)
                0x08006e64                memchr
 .text.memcpy   0x08006e80       0x1c E:/STM32CubeIDE_1.7.0/STM32CubeIDE/plugins/com.st.stm32cube.ide.mcu.externaltools.gnu-tools-for-stm32.12.3.rel1.win32_1.1.0.202410251130/tools/bin/../lib/gcc/arm-none-eabi/12.3.1/../../../../arm-none-eabi/lib/thumb/v7-m/nofp\libc_nano.a(libc_a-memcpy-stub.o)
                0x08006e80                memcpy
 .text._realloc_r
                0x08006e9c       0x5c E:/STM32CubeIDE_1.7.0/STM32CubeIDE/plugins/com.st.stm32cube.ide.mcu.externaltools.gnu-tools-for-stm32.12.3.rel1.win32_1.1.0.202410251130/tools/bin/../lib/gcc/arm-none-eabi/12.3.1/../../../../arm-none-eabi/lib/thumb/v7-m/nofp\libc_nano.a(libc_a-reallocr.o)
                0x08006e9c                _realloc_r
 .text._malloc_usable_size_r
                0x08006ef8       0x10 E:/STM32CubeIDE_1.7.0/STM32CubeIDE/plugins/com.st.stm32cube.ide.mcu.externaltools.gnu-tools-for-stm32.12.3.rel1.win32_1.1.0.202410251130/tools/bin/../lib/gcc/arm-none-eabi/12.3.1/../../../../arm-none-eabi/lib/thumb/v7-m/nofp\libc_nano.a(libc_a-msizer.o)
                0x08006ef8                _malloc_usable_size_r
 *(.glue_7)
 .glue_7        0x08006f08        0x0 linker stubs
 *(.glue_7t)
 .glue_7t       0x08006f08        0x0 linker stubs
 *(.eh_frame)
 .eh_frame      0x08006f08        0x0 E:/STM32CubeIDE_1.7.0/STM32CubeIDE/plugins/com.st.stm32cube.ide.mcu.externaltools.gnu-tools-for-stm32.12.3.rel1.win32_1.1.0.202410251130/tools/bin/../lib/gcc/arm-none-eabi/12.3.1/thumb/v7-m/nofp/crtbegin.o
 *(.init)
 .init          0x08006f08        0x4 E:/STM32CubeIDE_1.7.0/STM32CubeIDE/plugins/com.st.stm32cube.ide.mcu.externaltools.gnu-tools-for-stm32.12.3.rel1.win32_1.1.0.202410251130/tools/bin/../lib/gcc/arm-none-eabi/12.3.1/thumb/v7-m/nofp/crti.o
                0x08006f08                _init
 .init          0x08006f0c        0x8 E:/STM32CubeIDE_1.7.0/STM32CubeIDE/plugins/com.st.stm32cube.ide.mcu.externaltools.gnu-tools-for-stm32.12.3.rel1.win32_1.1.0.202410251130/tools/bin/../lib/gcc/arm-none-eabi/12.3.1/thumb/v7-m/nofp/crtn.o
 *(.fini)
 .fini          0x08006f14        0x4 E:/STM32CubeIDE_1.7.0/STM32CubeIDE/plugins/com.st.stm32cube.ide.mcu.externaltools.gnu-tools-for-stm32.12.3.rel1.win32_1.1.0.202410251130/tools/bin/../lib/gcc/arm-none-eabi/12.3.1/thumb/v7-m/nofp/crti.o
                0x08006f14                _fini
 .fini          0x08006f18        0x8 E:/STM32CubeIDE_1.7.0/STM32CubeIDE/plugins/com.st.stm32cube.ide.mcu.externaltools.gnu-tools-for-stm32.12.3.rel1.win32_1.1.0.202410251130/tools/bin/../lib/gcc/arm-none-eabi/12.3.1/thumb/v7-m/nofp/crtn.o
                0x08006f20                        . = ALIGN (0x4)
                0x08006f20                        _etext = .

.vfp11_veneer   0x08006f20        0x0
 .vfp11_veneer  0x08006f20        0x0 linker stubs

.v4_bx          0x08006f20        0x0
 .v4_bx         0x08006f20        0x0 linker stubs

.iplt           0x08006f20        0x0
 .iplt          0x08006f20        0x0 E:/STM32CubeIDE_1.7.0/STM32CubeIDE/plugins/com.st.stm32cube.ide.mcu.externaltools.gnu-tools-for-stm32.12.3.rel1.win32_1.1.0.202410251130/tools/bin/../lib/gcc/arm-none-eabi/12.3.1/thumb/v7-m/nofp/crtbegin.o

.rodata         0x08006f20      0x12c
                0x08006f20                        . = ALIGN (0x4)
 *(.rodata)
 .rodata        0x08006f20       0x29 ./Core/Src/dht20.o
 *fill*         0x08006f49        0x3 
 .rodata        0x08006f4c       0x1f ./Core/Src/i2c-lcd.o
 *fill*         0x08006f6b        0x1 
 .rodata        0x08006f6c       0x41 ./Core/Src/rain_sensor.o
 *fill*         0x08006fad        0x3 
 .rodata        0x08006fb0       0x26 ./Core/Src/uart_reading.o
 *(.rodata*)
 *fill*         0x08006fd6        0x2 
 .rodata.AHBPrescTable
                0x08006fd8       0x10 ./Core/Src/system_stm32f1xx.o
                0x08006fd8                AHBPrescTable
 .rodata.APBPrescTable
                0x08006fe8        0x8 ./Core/Src/system_stm32f1xx.o
                0x08006fe8                APBPrescTable
 .rodata.aPLLMULFactorTable.1
                0x08006ff0       0x10 ./Drivers/STM32F1xx_HAL_Driver/Src/stm32f1xx_hal_rcc.o
 .rodata.aPredivFactorTable.0
                0x08007000        0x2 ./Drivers/STM32F1xx_HAL_Driver/Src/stm32f1xx_hal_rcc.o
 *fill*         0x08007002        0x2 
 .rodata.aPLLMULFactorTable.1
                0x08007004       0x10 ./Drivers/STM32F1xx_HAL_Driver/Src/stm32f1xx_hal_rcc_ex.o
 .rodata.aPredivFactorTable.0
                0x08007014        0x2 ./Drivers/STM32F1xx_HAL_Driver/Src/stm32f1xx_hal_rcc_ex.o
 .rodata._svfprintf_r.str1.1
                0x08007016       0x11 E:/STM32CubeIDE_1.7.0/STM32CubeIDE/plugins/com.st.stm32cube.ide.mcu.externaltools.gnu-tools-for-stm32.12.3.rel1.win32_1.1.0.202410251130/tools/bin/../lib/gcc/arm-none-eabi/12.3.1/../../../../arm-none-eabi/lib/thumb/v7-m/nofp\libc_nano.a(libc_a-nano-svfprintf.o)
 .rodata._printf_i.str1.1
                0x08007027       0x22 E:/STM32CubeIDE_1.7.0/STM32CubeIDE/plugins/com.st.stm32cube.ide.mcu.externaltools.gnu-tools-for-stm32.12.3.rel1.win32_1.1.0.202410251130/tools/bin/../lib/gcc/arm-none-eabi/12.3.1/../../../../arm-none-eabi/lib/thumb/v7-m/nofp\libc_nano.a(libc_a-nano-vfprintf_i.o)
                0x0800704c                        . = ALIGN (0x4)
 *fill*         0x08007049        0x3 

.ARM.extab      0x0800704c        0x0
                0x0800704c                        . = ALIGN (0x4)
 *(.ARM.extab* .gnu.linkonce.armextab.*)
                0x0800704c                        . = ALIGN (0x4)

.ARM            0x0800704c        0x8
                0x0800704c                        . = ALIGN (0x4)
                0x0800704c                        __exidx_start = .
 *(.ARM.exidx*)
 .ARM.exidx     0x0800704c        0x8 E:/STM32CubeIDE_1.7.0/STM32CubeIDE/plugins/com.st.stm32cube.ide.mcu.externaltools.gnu-tools-for-stm32.12.3.rel1.win32_1.1.0.202410251130/tools/bin/../lib/gcc/arm-none-eabi/12.3.1/../../../../arm-none-eabi/lib/thumb/v7-m/nofp\libc_nano.a(libc_a-strlen.o)
                0x08007054                        __exidx_end = .
                0x08007054                        . = ALIGN (0x4)

.rel.dyn        0x08007054        0x0
 .rel.iplt      0x08007054        0x0 E:/STM32CubeIDE_1.7.0/STM32CubeIDE/plugins/com.st.stm32cube.ide.mcu.externaltools.gnu-tools-for-stm32.12.3.rel1.win32_1.1.0.202410251130/tools/bin/../lib/gcc/arm-none-eabi/12.3.1/thumb/v7-m/nofp/crtbegin.o

.preinit_array  0x08007054        0x0
                0x08007054                        . = ALIGN (0x4)
                0x08007054                        PROVIDE (__preinit_array_start = .)
 *(.preinit_array*)
                0x08007054                        PROVIDE (__preinit_array_end = .)
                0x08007054                        . = ALIGN (0x4)

.init_array     0x08007054        0x4
                0x08007054                        . = ALIGN (0x4)
                0x08007054                        PROVIDE (__init_array_start = .)
 *(SORT_BY_NAME(.init_array.*))
 *(.init_array*)
 .init_array    0x08007054        0x4 E:/STM32CubeIDE_1.7.0/STM32CubeIDE/plugins/com.st.stm32cube.ide.mcu.externaltools.gnu-tools-for-stm32.12.3.rel1.win32_1.1.0.202410251130/tools/bin/../lib/gcc/arm-none-eabi/12.3.1/thumb/v7-m/nofp/crtbegin.o
                0x08007058                        PROVIDE (__init_array_end = .)
                0x08007058                        . = ALIGN (0x4)

.fini_array     0x08007058        0x4
                0x08007058                        . = ALIGN (0x4)
                [!provide]                        PROVIDE (__fini_array_start = .)
 *(SORT_BY_NAME(.fini_array.*))
 *(.fini_array*)
 .fini_array    0x08007058        0x4 E:/STM32CubeIDE_1.7.0/STM32CubeIDE/plugins/com.st.stm32cube.ide.mcu.externaltools.gnu-tools-for-stm32.12.3.rel1.win32_1.1.0.202410251130/tools/bin/../lib/gcc/arm-none-eabi/12.3.1/thumb/v7-m/nofp/crtbegin.o
                [!provide]                        PROVIDE (__fini_array_end = .)
                0x0800705c                        . = ALIGN (0x4)
                0x0800705c                        _sidata = LOADADDR (.data)

.data           0x20000000       0x60 load address 0x0800705c
                0x20000000                        . = ALIGN (0x4)
                0x20000000                        _sdata = .
 *(.data)
 *(.data*)
 .data.lastState.0
                0x20000000        0x1 ./Core/Src/input_button.o
 *fill*         0x20000001        0x3 
 .data.SystemCoreClock
                0x20000004        0x4 ./Core/Src/system_stm32f1xx.o
                0x20000004                SystemCoreClock
 .data.uwTickPrio
                0x20000008        0x4 ./Drivers/STM32F1xx_HAL_Driver/Src/stm32f1xx_hal.o
                0x20000008                uwTickPrio
 .data.uwTickFreq
                0x2000000c        0x1 ./Drivers/STM32F1xx_HAL_Driver/Src/stm32f1xx_hal.o
                0x2000000c                uwTickFreq
 *fill*         0x2000000d        0x3 
 .data._impure_ptr
                0x20000010        0x4 E:/STM32CubeIDE_1.7.0/STM32CubeIDE/plugins/com.st.stm32cube.ide.mcu.externaltools.gnu-tools-for-stm32.12.3.rel1.win32_1.1.0.202410251130/tools/bin/../lib/gcc/arm-none-eabi/12.3.1/../../../../arm-none-eabi/lib/thumb/v7-m/nofp\libc_nano.a(libc_a-impure.o)
                0x20000010                _impure_ptr
 .data._impure_data
                0x20000014       0x4c E:/STM32CubeIDE_1.7.0/STM32CubeIDE/plugins/com.st.stm32cube.ide.mcu.externaltools.gnu-tools-for-stm32.12.3.rel1.win32_1.1.0.202410251130/tools/bin/../lib/gcc/arm-none-eabi/12.3.1/../../../../arm-none-eabi/lib/thumb/v7-m/nofp\libc_nano.a(libc_a-impure.o)
                0x20000014                _impure_data
 *(.RamFunc)
 *(.RamFunc*)
                0x20000060                        . = ALIGN (0x4)
                0x20000060                        _edata = .

.igot.plt       0x20000060        0x0 load address 0x080070bc
 .igot.plt      0x20000060        0x0 E:/STM32CubeIDE_1.7.0/STM32CubeIDE/plugins/com.st.stm32cube.ide.mcu.externaltools.gnu-tools-for-stm32.12.3.rel1.win32_1.1.0.202410251130/tools/bin/../lib/gcc/arm-none-eabi/12.3.1/thumb/v7-m/nofp/crtbegin.o
                0x20000060                        . = ALIGN (0x4)

.bss            0x20000060      0x3c8 load address 0x080070bc
                0x20000060                        _sbss = .
                0x20000060                        __bss_start__ = _sbss
 *(.bss)
 .bss           0x20000060       0x1c E:/STM32CubeIDE_1.7.0/STM32CubeIDE/plugins/com.st.stm32cube.ide.mcu.externaltools.gnu-tools-for-stm32.12.3.rel1.win32_1.1.0.202410251130/tools/bin/../lib/gcc/arm-none-eabi/12.3.1/thumb/v7-m/nofp/crtbegin.o
 *(.bss*)
 .bss.value_x10
                0x2000007c        0x4 ./Core/Src/dht20.o
                0x2000007c                value_x10
 .bss.temp      0x20000080       0x14 ./Core/Src/dht20.o
                0x20000080                temp
 .bss.humid     0x20000094       0x14 ./Core/Src/dht20.o
                0x20000094                humid
 .bss.status    0x200000a8        0x4 ./Core/Src/dht20.o
                0x200000a8                status
 .bss.T         0x200000ac        0x2 ./Core/Src/dht20.o
                0x200000ac                T
 .bss.H         0x200000ae        0x2 ./Core/Src/dht20.o
                0x200000ae                H
 .bss.buttonState
                0x200000b0        0x1 ./Core/Src/main.o
                0x200000b0                buttonState
 *fill*         0x200000b1        0x3 
 .bss.hadc1     0x200000b4       0x30 ./Core/Src/main.o
                0x200000b4                hadc1
 .bss.hi2c1     0x200000e4       0x54 ./Core/Src/main.o
                0x200000e4                hi2c1
 .bss.htim2     0x20000138       0x48 ./Core/Src/main.o
                0x20000138                htim2
 .bss.huart2    0x20000180       0x48 ./Core/Src/main.o
                0x20000180                huart2
 .bss.fsmState  0x200001c8        0x1 ./Core/Src/manual_fsm.o
                0x200001c8                fsmState
 *fill*         0x200001c9        0x3 
 .bss.rain_value
                0x200001cc        0x4 ./Core/Src/rain_sensor.o
                0x200001cc                rain_value
 .bss.rain_measurements
                0x200001d0        0x4 ./Core/Src/rain_sensor.o
                0x200001d0                rain_measurements
 .bss.tasks     0x200001d4       0xa0 ./Core/Src/scheduler.o
                0x200001d4                tasks
 .bss.timerFlags
                0x20000274        0xa ./Core/Src/software_timer.o
                0x20000274                timerFlags
 *fill*         0x2000027e        0x2 
 .bss.timerCounters
                0x20000280       0x14 ./Core/Src/software_timer.o
 .bss.__sbrk_heap_end
                0x20000294        0x4 ./Core/Src/sysmem.o
 .bss.buffer_byte
                0x20000298        0x1 ./Core/Src/uart_reading.o
                0x20000298                buffer_byte
 *fill*         0x20000299        0x3 
 .bss.buffer    0x2000029c       0x32 ./Core/Src/uart_reading.o
                0x2000029c                buffer
 .bss.index_buffer
                0x200002ce        0x1 ./Core/Src/uart_reading.o
                0x200002ce                index_buffer
 .bss.buffer_flag
                0x200002cf        0x1 ./Core/Src/uart_reading.o
                0x200002cf                buffer_flag
 .bss.cmdParserStatus
                0x200002d0        0x1 ./Core/Src/uart_reading.o
                0x200002d0                cmdParserStatus
 *fill*         0x200002d1        0x3 
 .bss.cmd_data  0x200002d4        0x3 ./Core/Src/uart_reading.o
                0x200002d4                cmd_data
 .bss.cmd_index
                0x200002d7        0x1 ./Core/Src/uart_reading.o
                0x200002d7                cmd_index
 .bss.cmd_flag  0x200002d8        0x1 ./Core/Src/uart_reading.o
                0x200002d8                cmd_flag
 *fill*         0x200002d9        0x3 
 .bss.uwTick    0x200002dc        0x4 ./Drivers/STM32F1xx_HAL_Driver/Src/stm32f1xx_hal.o
                0x200002dc                uwTick
 .bss.__sf      0x200002e0      0x138 E:/STM32CubeIDE_1.7.0/STM32CubeIDE/plugins/com.st.stm32cube.ide.mcu.externaltools.gnu-tools-for-stm32.12.3.rel1.win32_1.1.0.202410251130/tools/bin/../lib/gcc/arm-none-eabi/12.3.1/../../../../arm-none-eabi/lib/thumb/v7-m/nofp\libc_nano.a(libc_a-findfp.o)
                0x200002e0                __sf
 .bss.errno     0x20000418        0x4 E:/STM32CubeIDE_1.7.0/STM32CubeIDE/plugins/com.st.stm32cube.ide.mcu.externaltools.gnu-tools-for-stm32.12.3.rel1.win32_1.1.0.202410251130/tools/bin/../lib/gcc/arm-none-eabi/12.3.1/../../../../arm-none-eabi/lib/thumb/v7-m/nofp\libc_nano.a(libc_a-reent.o)
                0x20000418                errno
 .bss.__lock___malloc_recursive_mutex
                0x2000041c        0x1 E:/STM32CubeIDE_1.7.0/STM32CubeIDE/plugins/com.st.stm32cube.ide.mcu.externaltools.gnu-tools-for-stm32.12.3.rel1.win32_1.1.0.202410251130/tools/bin/../lib/gcc/arm-none-eabi/12.3.1/../../../../arm-none-eabi/lib/thumb/v7-m/nofp\libc_nano.a(libc_a-lock.o)
                0x2000041c                __lock___malloc_recursive_mutex
 *fill*         0x2000041d        0x3 
 .bss.__malloc_sbrk_start
                0x20000420        0x4 E:/STM32CubeIDE_1.7.0/STM32CubeIDE/plugins/com.st.stm32cube.ide.mcu.externaltools.gnu-tools-for-stm32.12.3.rel1.win32_1.1.0.202410251130/tools/bin/../lib/gcc/arm-none-eabi/12.3.1/../../../../arm-none-eabi/lib/thumb/v7-m/nofp\libc_nano.a(libc_a-mallocr.o)
                0x20000420                __malloc_sbrk_start
 .bss.__malloc_free_list
                0x20000424        0x4 E:/STM32CubeIDE_1.7.0/STM32CubeIDE/plugins/com.st.stm32cube.ide.mcu.externaltools.gnu-tools-for-stm32.12.3.rel1.win32_1.1.0.202410251130/tools/bin/../lib/gcc/arm-none-eabi/12.3.1/../../../../arm-none-eabi/lib/thumb/v7-m/nofp\libc_nano.a(libc_a-mallocr.o)
                0x20000424                __malloc_free_list
 *(COMMON)
                0x20000428                        . = ALIGN (0x4)
                0x20000428                        _ebss = .
                0x20000428                        __bss_end__ = _ebss

._user_heap_stack
                0x20000428      0x600 load address 0x080070bc
                0x20000428                        . = ALIGN (0x8)
                [!provide]                        PROVIDE (end = .)
                0x20000428                        PROVIDE (_end = .)
                0x20000628                        . = (. + _Min_Heap_Size)
 *fill*         0x20000428      0x200 
                0x20000a28                        . = (. + _Min_Stack_Size)
 *fill*         0x20000628      0x400 
                0x20000a28                        . = ALIGN (0x8)

/DISCARD/
 libc.a(*)
 libm.a(*)
 libgcc.a(*)

.ARM.attributes
                0x00000000       0x29
 *(.ARM.attributes)
 .ARM.attributes
                0x00000000       0x1d E:/STM32CubeIDE_1.7.0/STM32CubeIDE/plugins/com.st.stm32cube.ide.mcu.externaltools.gnu-tools-for-stm32.12.3.rel1.win32_1.1.0.202410251130/tools/bin/../lib/gcc/arm-none-eabi/12.3.1/thumb/v7-m/nofp/crti.o
 .ARM.attributes
                0x0000001d       0x2d E:/STM32CubeIDE_1.7.0/STM32CubeIDE/plugins/com.st.stm32cube.ide.mcu.externaltools.gnu-tools-for-stm32.12.3.rel1.win32_1.1.0.202410251130/tools/bin/../lib/gcc/arm-none-eabi/12.3.1/thumb/v7-m/nofp/crtbegin.o
 .ARM.attributes
                0x0000004a       0x2d ./Core/Src/dht20.o
 .ARM.attributes
                0x00000077       0x2d ./Core/Src/i2c-lcd.o
 .ARM.attributes
                0x000000a4       0x2d ./Core/Src/input_button.o
 .ARM.attributes
                0x000000d1       0x2d ./Core/Src/main.o
 .ARM.attributes
                0x000000fe       0x2d ./Core/Src/manual_fsm.o
 .ARM.attributes
                0x0000012b       0x2d ./Core/Src/output_led.o
 .ARM.attributes
                0x00000158       0x2d ./Core/Src/rain_sensor.o
 .ARM.attributes
                0x00000185       0x2d ./Core/Src/scheduler.o
 .ARM.attributes
                0x000001b2       0x2d ./Core/Src/software_timer.o
 .ARM.attributes
                0x000001df       0x2d ./Core/Src/stm32f1xx_hal_msp.o
 .ARM.attributes
                0x0000020c       0x2d ./Core/Src/stm32f1xx_it.o
 .ARM.attributes
                0x00000239       0x2d ./Core/Src/sysmem.o
 .ARM.attributes
                0x00000266       0x2d ./Core/Src/system_stm32f1xx.o
 .ARM.attributes
                0x00000293       0x2d ./Core/Src/uart_reading.o
 .ARM.attributes
                0x000002c0       0x21 ./Core/Startup/startup_stm32f103rbtx.o
 .ARM.attributes
                0x000002e1       0x2d ./Drivers/STM32F1xx_HAL_Driver/Src/stm32f1xx_hal.o
 .ARM.attributes
                0x0000030e       0x2d ./Drivers/STM32F1xx_HAL_Driver/Src/stm32f1xx_hal_adc.o
 .ARM.attributes
                0x0000033b       0x2d ./Drivers/STM32F1xx_HAL_Driver/Src/stm32f1xx_hal_cortex.o
 .ARM.attributes
                0x00000368       0x2d ./Drivers/STM32F1xx_HAL_Driver/Src/stm32f1xx_hal_dma.o
 .ARM.attributes
                0x00000395       0x2d ./Drivers/STM32F1xx_HAL_Driver/Src/stm32f1xx_hal_gpio.o
 .ARM.attributes
                0x000003c2       0x2d ./Drivers/STM32F1xx_HAL_Driver/Src/stm32f1xx_hal_i2c.o
 .ARM.attributes
                0x000003ef       0x2d ./Drivers/STM32F1xx_HAL_Driver/Src/stm32f1xx_hal_rcc.o
 .ARM.attributes
                0x0000041c       0x2d ./Drivers/STM32F1xx_HAL_Driver/Src/stm32f1xx_hal_rcc_ex.o
 .ARM.attributes
                0x00000449       0x2d ./Drivers/STM32F1xx_HAL_Driver/Src/stm32f1xx_hal_tim.o
 .ARM.attributes
                0x00000476       0x2d ./Drivers/STM32F1xx_HAL_Driver/Src/stm32f1xx_hal_tim_ex.o
 .ARM.attributes
                0x000004a3       0x2d ./Drivers/STM32F1xx_HAL_Driver/Src/stm32f1xx_hal_uart.o
 .ARM.attributes
                0x000004d0       0x2d E:/STM32CubeIDE_1.7.0/STM32CubeIDE/plugins/com.st.stm32cube.ide.mcu.externaltools.gnu-tools-for-stm32.12.3.rel1.win32_1.1.0.202410251130/tools/bin/../lib/gcc/arm-none-eabi/12.3.1/../../../../arm-none-eabi/lib/thumb/v7-m/nofp\libc_nano.a(libc_a-findfp.o)
 .ARM.attributes
                0x000004fd       0x2d E:/STM32CubeIDE_1.7.0/STM32CubeIDE/plugins/com.st.stm32cube.ide.mcu.externaltools.gnu-tools-for-stm32.12.3.rel1.win32_1.1.0.202410251130/tools/bin/../lib/gcc/arm-none-eabi/12.3.1/../../../../arm-none-eabi/lib/thumb/v7-m/nofp\libc_nano.a(libc_a-snprintf.o)
 .ARM.attributes
                0x0000052a       0x2d E:/STM32CubeIDE_1.7.0/STM32CubeIDE/plugins/com.st.stm32cube.ide.mcu.externaltools.gnu-tools-for-stm32.12.3.rel1.win32_1.1.0.202410251130/tools/bin/../lib/gcc/arm-none-eabi/12.3.1/../../../../arm-none-eabi/lib/thumb/v7-m/nofp\libc_nano.a(libc_a-sprintf.o)
 .ARM.attributes
                0x00000557       0x2d E:/STM32CubeIDE_1.7.0/STM32CubeIDE/plugins/com.st.stm32cube.ide.mcu.externaltools.gnu-tools-for-stm32.12.3.rel1.win32_1.1.0.202410251130/tools/bin/../lib/gcc/arm-none-eabi/12.3.1/../../../../arm-none-eabi/lib/thumb/v7-m/nofp\libc_nano.a(libc_a-memset.o)
 .ARM.attributes
                0x00000584       0x2d E:/STM32CubeIDE_1.7.0/STM32CubeIDE/plugins/com.st.stm32cube.ide.mcu.externaltools.gnu-tools-for-stm32.12.3.rel1.win32_1.1.0.202410251130/tools/bin/../lib/gcc/arm-none-eabi/12.3.1/../../../../arm-none-eabi/lib/thumb/v7-m/nofp\libc_nano.a(libc_a-reent.o)
 .ARM.attributes
                0x000005b1       0x2d E:/STM32CubeIDE_1.7.0/STM32CubeIDE/plugins/com.st.stm32cube.ide.mcu.externaltools.gnu-tools-for-stm32.12.3.rel1.win32_1.1.0.202410251130/tools/bin/../lib/gcc/arm-none-eabi/12.3.1/../../../../arm-none-eabi/lib/thumb/v7-m/nofp\libc_nano.a(libc_a-impure.o)
 .ARM.attributes
                0x000005de       0x2d E:/STM32CubeIDE_1.7.0/STM32CubeIDE/plugins/com.st.stm32cube.ide.mcu.externaltools.gnu-tools-for-stm32.12.3.rel1.win32_1.1.0.202410251130/tools/bin/../lib/gcc/arm-none-eabi/12.3.1/../../../../arm-none-eabi/lib/thumb/v7-m/nofp\libc_nano.a(libc_a-errno.o)
 .ARM.attributes
                0x0000060b       0x2d E:/STM32CubeIDE_1.7.0/STM32CubeIDE/plugins/com.st.stm32cube.ide.mcu.externaltools.gnu-tools-for-stm32.12.3.rel1.win32_1.1.0.202410251130/tools/bin/../lib/gcc/arm-none-eabi/12.3.1/../../../../arm-none-eabi/lib/thumb/v7-m/nofp\libc_nano.a(libc_a-init.o)
 .ARM.attributes
                0x00000638       0x2d E:/STM32CubeIDE_1.7.0/STM32CubeIDE/plugins/com.st.stm32cube.ide.mcu.externaltools.gnu-tools-for-stm32.12.3.rel1.win32_1.1.0.202410251130/tools/bin/../lib/gcc/arm-none-eabi/12.3.1/../../../../arm-none-eabi/lib/thumb/v7-m/nofp\libc_nano.a(libc_a-lock.o)
 .ARM.attributes
                0x00000665       0x17 E:/STM32CubeIDE_1.7.0/STM32CubeIDE/plugins/com.st.stm32cube.ide.mcu.externaltools.gnu-tools-for-stm32.12.3.rel1.win32_1.1.0.202410251130/tools/bin/../lib/gcc/arm-none-eabi/12.3.1/../../../../arm-none-eabi/lib/thumb/v7-m/nofp\libc_nano.a(libc_a-strlen.o)
 .ARM.attributes
                0x0000067c       0x2d E:/STM32CubeIDE_1.7.0/STM32CubeIDE/plugins/com.st.stm32cube.ide.mcu.externaltools.gnu-tools-for-stm32.12.3.rel1.win32_1.1.0.202410251130/tools/bin/../lib/gcc/arm-none-eabi/12.3.1/../../../../arm-none-eabi/lib/thumb/v7-m/nofp\libc_nano.a(libc_a-freer.o)
 .ARM.attributes
                0x000006a9       0x2d E:/STM32CubeIDE_1.7.0/STM32CubeIDE/plugins/com.st.stm32cube.ide.mcu.externaltools.gnu-tools-for-stm32.12.3.rel1.win32_1.1.0.202410251130/tools/bin/../lib/gcc/arm-none-eabi/12.3.1/../../../../arm-none-eabi/lib/thumb/v7-m/nofp\libc_nano.a(libc_a-mallocr.o)
 .ARM.attributes
                0x000006d6       0x2d E:/STM32CubeIDE_1.7.0/STM32CubeIDE/plugins/com.st.stm32cube.ide.mcu.externaltools.gnu-tools-for-stm32.12.3.rel1.win32_1.1.0.202410251130/tools/bin/../lib/gcc/arm-none-eabi/12.3.1/../../../../arm-none-eabi/lib/thumb/v7-m/nofp\libc_nano.a(libc_a-mlock.o)
 .ARM.attributes
                0x00000703       0x2d E:/STM32CubeIDE_1.7.0/STM32CubeIDE/plugins/com.st.stm32cube.ide.mcu.externaltools.gnu-tools-for-stm32.12.3.rel1.win32_1.1.0.202410251130/tools/bin/../lib/gcc/arm-none-eabi/12.3.1/../../../../arm-none-eabi/lib/thumb/v7-m/nofp\libc_nano.a(libc_a-nano-svfprintf.o)
 .ARM.attributes
                0x00000730       0x2d E:/STM32CubeIDE_1.7.0/STM32CubeIDE/plugins/com.st.stm32cube.ide.mcu.externaltools.gnu-tools-for-stm32.12.3.rel1.win32_1.1.0.202410251130/tools/bin/../lib/gcc/arm-none-eabi/12.3.1/../../../../arm-none-eabi/lib/thumb/v7-m/nofp\libc_nano.a(libc_a-nano-vfprintf_i.o)
 .ARM.attributes
                0x0000075d       0x2d E:/STM32CubeIDE_1.7.0/STM32CubeIDE/plugins/com.st.stm32cube.ide.mcu.externaltools.gnu-tools-for-stm32.12.3.rel1.win32_1.1.0.202410251130/tools/bin/../lib/gcc/arm-none-eabi/12.3.1/../../../../arm-none-eabi/lib/thumb/v7-m/nofp\libc_nano.a(libc_a-memmove.o)
 .ARM.attributes
                0x0000078a       0x2d E:/STM32CubeIDE_1.7.0/STM32CubeIDE/plugins/com.st.stm32cube.ide.mcu.externaltools.gnu-tools-for-stm32.12.3.rel1.win32_1.1.0.202410251130/tools/bin/../lib/gcc/arm-none-eabi/12.3.1/../../../../arm-none-eabi/lib/thumb/v7-m/nofp\libc_nano.a(libc_a-sbrkr.o)
 .ARM.attributes
                0x000007b7       0x2d E:/STM32CubeIDE_1.7.0/STM32CubeIDE/plugins/com.st.stm32cube.ide.mcu.externaltools.gnu-tools-for-stm32.12.3.rel1.win32_1.1.0.202410251130/tools/bin/../lib/gcc/arm-none-eabi/12.3.1/../../../../arm-none-eabi/lib/thumb/v7-m/nofp\libc_nano.a(libc_a-memchr-stub.o)
 .ARM.attributes
                0x000007e4       0x2d E:/STM32CubeIDE_1.7.0/STM32CubeIDE/plugins/com.st.stm32cube.ide.mcu.externaltools.gnu-tools-for-stm32.12.3.rel1.win32_1.1.0.202410251130/tools/bin/../lib/gcc/arm-none-eabi/12.3.1/../../../../arm-none-eabi/lib/thumb/v7-m/nofp\libc_nano.a(libc_a-memcpy-stub.o)
 .ARM.attributes
                0x00000811       0x2d E:/STM32CubeIDE_1.7.0/STM32CubeIDE/plugins/com.st.stm32cube.ide.mcu.externaltools.gnu-tools-for-stm32.12.3.rel1.win32_1.1.0.202410251130/tools/bin/../lib/gcc/arm-none-eabi/12.3.1/../../../../arm-none-eabi/lib/thumb/v7-m/nofp\libc_nano.a(libc_a-reallocr.o)
 .ARM.attributes
                0x0000083e       0x2d E:/STM32CubeIDE_1.7.0/STM32CubeIDE/plugins/com.st.stm32cube.ide.mcu.externaltools.gnu-tools-for-stm32.12.3.rel1.win32_1.1.0.202410251130/tools/bin/../lib/gcc/arm-none-eabi/12.3.1/../../../../arm-none-eabi/lib/thumb/v7-m/nofp\libc_nano.a(libc_a-msizer.o)
 .ARM.attributes
                0x0000086b       0x1d E:/STM32CubeIDE_1.7.0/STM32CubeIDE/plugins/com.st.stm32cube.ide.mcu.externaltools.gnu-tools-for-stm32.12.3.rel1.win32_1.1.0.202410251130/tools/bin/../lib/gcc/arm-none-eabi/12.3.1/thumb/v7-m/nofp\libgcc.a(_arm_addsubsf3.o)
 .ARM.attributes
                0x00000888       0x1d E:/STM32CubeIDE_1.7.0/STM32CubeIDE/plugins/com.st.stm32cube.ide.mcu.externaltools.gnu-tools-for-stm32.12.3.rel1.win32_1.1.0.202410251130/tools/bin/../lib/gcc/arm-none-eabi/12.3.1/thumb/v7-m/nofp\libgcc.a(_arm_muldivsf3.o)
 .ARM.attributes
                0x000008a5       0x1d E:/STM32CubeIDE_1.7.0/STM32CubeIDE/plugins/com.st.stm32cube.ide.mcu.externaltools.gnu-tools-for-stm32.12.3.rel1.win32_1.1.0.202410251130/tools/bin/../lib/gcc/arm-none-eabi/12.3.1/thumb/v7-m/nofp\libgcc.a(_arm_fixunssfsi.o)
 .ARM.attributes
                0x000008c2       0x1d E:/STM32CubeIDE_1.7.0/STM32CubeIDE/plugins/com.st.stm32cube.ide.mcu.externaltools.gnu-tools-for-stm32.12.3.rel1.win32_1.1.0.202410251130/tools/bin/../lib/gcc/arm-none-eabi/12.3.1/thumb/v7-m/nofp/crtn.o
OUTPUT(Project STM32.elf elf32-littlearm)
LOAD linker stubs
LOAD E:/STM32CubeIDE_1.7.0/STM32CubeIDE/plugins/com.st.stm32cube.ide.mcu.externaltools.gnu-tools-for-stm32.12.3.rel1.win32_1.1.0.202410251130/tools/bin/../lib/gcc/arm-none-eabi/12.3.1/../../../../arm-none-eabi/lib/thumb/v7-m/nofp\libc.a
LOAD E:/STM32CubeIDE_1.7.0/STM32CubeIDE/plugins/com.st.stm32cube.ide.mcu.externaltools.gnu-tools-for-stm32.12.3.rel1.win32_1.1.0.202410251130/tools/bin/../lib/gcc/arm-none-eabi/12.3.1/../../../../arm-none-eabi/lib/thumb/v7-m/nofp\libm.a
LOAD E:/STM32CubeIDE_1.7.0/STM32CubeIDE/plugins/com.st.stm32cube.ide.mcu.externaltools.gnu-tools-for-stm32.12.3.rel1.win32_1.1.0.202410251130/tools/bin/../lib/gcc/arm-none-eabi/12.3.1/thumb/v7-m/nofp\libgcc.a

.debug_info     0x00000000    0x12abb
 .debug_info    0x00000000      0x982 ./Core/Src/dht20.o
 .debug_info    0x00000982      0x769 ./Core/Src/i2c-lcd.o
 .debug_info    0x000010eb      0x1e1 ./Core/Src/input_button.o
 .debug_info    0x000012cc     0x15b2 ./Core/Src/main.o
 .debug_info    0x0000287e      0x13f ./Core/Src/manual_fsm.o
 .debug_info    0x000029bd      0x1a9 ./Core/Src/output_led.o
 .debug_info    0x00002b66      0x6c1 ./Core/Src/rain_sensor.o
 .debug_info    0x00003227      0x2ed ./Core/Src/scheduler.o
 .debug_info    0x00003514      0x14d ./Core/Src/software_timer.o
 .debug_info    0x00003661     0x1314 ./Core/Src/stm32f1xx_hal_msp.o
 .debug_info    0x00004975      0x94c ./Core/Src/stm32f1xx_it.o
 .debug_info    0x000052c1      0x168 ./Core/Src/sysmem.o
 .debug_info    0x00005429      0x222 ./Core/Src/system_stm32f1xx.o
 .debug_info    0x0000564b      0xc4e ./Core/Src/uart_reading.o
 .debug_info    0x00006299       0x30 ./Core/Startup/startup_stm32f103rbtx.o
 .debug_info    0x000062c9      0x704 ./Drivers/STM32F1xx_HAL_Driver/Src/stm32f1xx_hal.o
 .debug_info    0x000069cd      0xc50 ./Drivers/STM32F1xx_HAL_Driver/Src/stm32f1xx_hal_adc.o
 .debug_info    0x0000761d      0xa87 ./Drivers/STM32F1xx_HAL_Driver/Src/stm32f1xx_hal_cortex.o
 .debug_info    0x000080a4      0x6d2 ./Drivers/STM32F1xx_HAL_Driver/Src/stm32f1xx_hal_dma.o
 .debug_info    0x00008776      0x5ab ./Drivers/STM32F1xx_HAL_Driver/Src/stm32f1xx_hal_gpio.o
 .debug_info    0x00008d21     0x2524 ./Drivers/STM32F1xx_HAL_Driver/Src/stm32f1xx_hal_i2c.o
 .debug_info    0x0000b245      0x7d5 ./Drivers/STM32F1xx_HAL_Driver/Src/stm32f1xx_hal_rcc.o
 .debug_info    0x0000ba1a      0x3c0 ./Drivers/STM32F1xx_HAL_Driver/Src/stm32f1xx_hal_rcc_ex.o
 .debug_info    0x0000bdda     0x2959 ./Drivers/STM32F1xx_HAL_Driver/Src/stm32f1xx_hal_tim.o
 .debug_info    0x0000e733     0x149b ./Drivers/STM32F1xx_HAL_Driver/Src/stm32f1xx_hal_tim_ex.o
 .debug_info    0x0000fbce     0x2eed ./Drivers/STM32F1xx_HAL_Driver/Src/stm32f1xx_hal_uart.o

.debug_abbrev   0x00000000     0x3148
 .debug_abbrev  0x00000000      0x266 ./Core/Src/dht20.o
 .debug_abbrev  0x00000266      0x1d3 ./Core/Src/i2c-lcd.o
 .debug_abbrev  0x00000439      0x12e ./Core/Src/input_button.o
 .debug_abbrev  0x00000567      0x339 ./Core/Src/main.o
 .debug_abbrev  0x000008a0       0xe5 ./Core/Src/manual_fsm.o
 .debug_abbrev  0x00000985       0xe0 ./Core/Src/output_led.o
 .debug_abbrev  0x00000a65      0x25f ./Core/Src/rain_sensor.o
 .debug_abbrev  0x00000cc4      0x176 ./Core/Src/scheduler.o
 .debug_abbrev  0x00000e3a       0xe2 ./Core/Src/software_timer.o
 .debug_abbrev  0x00000f1c      0x21e ./Core/Src/stm32f1xx_hal_msp.o
 .debug_abbrev  0x0000113a      0x19b ./Core/Src/stm32f1xx_it.o
 .debug_abbrev  0x000012d5       0xbc ./Core/Src/sysmem.o
 .debug_abbrev  0x00001391      0x13f ./Core/Src/system_stm32f1xx.o
 .debug_abbrev  0x000014d0      0x292 ./Core/Src/uart_reading.o
 .debug_abbrev  0x00001762       0x24 ./Core/Startup/startup_stm32f103rbtx.o
 .debug_abbrev  0x00001786      0x201 ./Drivers/STM32F1xx_HAL_Driver/Src/stm32f1xx_hal.o
 .debug_abbrev  0x00001987      0x225 ./Drivers/STM32F1xx_HAL_Driver/Src/stm32f1xx_hal_adc.o
 .debug_abbrev  0x00001bac      0x2f8 ./Drivers/STM32F1xx_HAL_Driver/Src/stm32f1xx_hal_cortex.o
 .debug_abbrev  0x00001ea4      0x20b ./Drivers/STM32F1xx_HAL_Driver/Src/stm32f1xx_hal_dma.o
 .debug_abbrev  0x000020af      0x1ca ./Drivers/STM32F1xx_HAL_Driver/Src/stm32f1xx_hal_gpio.o
 .debug_abbrev  0x00002279      0x2a3 ./Drivers/STM32F1xx_HAL_Driver/Src/stm32f1xx_hal_i2c.o
 .debug_abbrev  0x0000251c      0x2b3 ./Drivers/STM32F1xx_HAL_Driver/Src/stm32f1xx_hal_rcc.o
 .debug_abbrev  0x000027cf      0x188 ./Drivers/STM32F1xx_HAL_Driver/Src/stm32f1xx_hal_rcc_ex.o
 .debug_abbrev  0x00002957      0x277 ./Drivers/STM32F1xx_HAL_Driver/Src/stm32f1xx_hal_tim.o
 .debug_abbrev  0x00002bce      0x282 ./Drivers/STM32F1xx_HAL_Driver/Src/stm32f1xx_hal_tim_ex.o
 .debug_abbrev  0x00002e50      0x2f8 ./Drivers/STM32F1xx_HAL_Driver/Src/stm32f1xx_hal_uart.o

.debug_aranges  0x00000000     0x1230
 .debug_aranges
                0x00000000       0x60 ./Core/Src/dht20.o
 .debug_aranges
                0x00000060       0x58 ./Core/Src/i2c-lcd.o
 .debug_aranges
                0x000000b8       0x20 ./Core/Src/input_button.o
 .debug_aranges
                0x000000d8       0x68 ./Core/Src/main.o
 .debug_aranges
                0x00000140       0x30 ./Core/Src/manual_fsm.o
 .debug_aranges
                0x00000170       0x38 ./Core/Src/output_led.o
 .debug_aranges
                0x000001a8       0x38 ./Core/Src/rain_sensor.o
 .debug_aranges
                0x000001e0       0x48 ./Core/Src/scheduler.o
 .debug_aranges
                0x00000228       0x28 ./Core/Src/software_timer.o
 .debug_aranges
                0x00000250       0x60 ./Core/Src/stm32f1xx_hal_msp.o
 .debug_aranges
                0x000002b0       0x70 ./Core/Src/stm32f1xx_it.o
 .debug_aranges
                0x00000320       0x20 ./Core/Src/sysmem.o
 .debug_aranges
                0x00000340       0x28 ./Core/Src/system_stm32f1xx.o
 .debug_aranges
                0x00000368       0x50 ./Core/Src/uart_reading.o
 .debug_aranges
                0x000003b8       0x28 ./Core/Startup/startup_stm32f103rbtx.o
 .debug_aranges
                0x000003e0       0xe0 ./Drivers/STM32F1xx_HAL_Driver/Src/stm32f1xx_hal.o
 .debug_aranges
                0x000004c0       0xf0 ./Drivers/STM32F1xx_HAL_Driver/Src/stm32f1xx_hal_adc.o
 .debug_aranges
                0x000005b0      0x100 ./Drivers/STM32F1xx_HAL_Driver/Src/stm32f1xx_hal_cortex.o
 .debug_aranges
                0x000006b0       0x80 ./Drivers/STM32F1xx_HAL_Driver/Src/stm32f1xx_hal_dma.o
 .debug_aranges
                0x00000730       0x58 ./Drivers/STM32F1xx_HAL_Driver/Src/stm32f1xx_hal_gpio.o
 .debug_aranges
                0x00000788      0x2a8 ./Drivers/STM32F1xx_HAL_Driver/Src/stm32f1xx_hal_i2c.o
 .debug_aranges
                0x00000a30       0x90 ./Drivers/STM32F1xx_HAL_Driver/Src/stm32f1xx_hal_rcc.o
 .debug_aranges
                0x00000ac0       0x30 ./Drivers/STM32F1xx_HAL_Driver/Src/stm32f1xx_hal_rcc_ex.o
 .debug_aranges
                0x00000af0      0x3d0 ./Drivers/STM32F1xx_HAL_Driver/Src/stm32f1xx_hal_tim.o
 .debug_aranges
                0x00000ec0      0x168 ./Drivers/STM32F1xx_HAL_Driver/Src/stm32f1xx_hal_tim_ex.o
 .debug_aranges
                0x00001028      0x208 ./Drivers/STM32F1xx_HAL_Driver/Src/stm32f1xx_hal_uart.o

.debug_rnglists
                0x00000000      0xe33
 .debug_rnglists
                0x00000000       0x48 ./Core/Src/dht20.o
 .debug_rnglists
                0x00000048       0x3d ./Core/Src/i2c-lcd.o
 .debug_rnglists
                0x00000085       0x13 ./Core/Src/input_button.o
 .debug_rnglists
                0x00000098       0x4d ./Core/Src/main.o
 .debug_rnglists
                0x000000e5       0x1f ./Core/Src/manual_fsm.o
 .debug_rnglists
                0x00000104       0x25 ./Core/Src/output_led.o
 .debug_rnglists
                0x00000129       0x26 ./Core/Src/rain_sensor.o
 .debug_rnglists
                0x0000014f       0x35 ./Core/Src/scheduler.o
 .debug_rnglists
                0x00000184       0x19 ./Core/Src/software_timer.o
 .debug_rnglists
                0x0000019d       0x45 ./Core/Src/stm32f1xx_hal_msp.o
 .debug_rnglists
                0x000001e2       0x4f ./Core/Src/stm32f1xx_it.o
 .debug_rnglists
                0x00000231       0x13 ./Core/Src/sysmem.o
 .debug_rnglists
                0x00000244       0x1a ./Core/Src/system_stm32f1xx.o
 .debug_rnglists
                0x0000025e       0x3b ./Core/Src/uart_reading.o
 .debug_rnglists
                0x00000299       0x19 ./Core/Startup/startup_stm32f103rbtx.o
 .debug_rnglists
                0x000002b2       0xa3 ./Drivers/STM32F1xx_HAL_Driver/Src/stm32f1xx_hal.o
 .debug_rnglists
                0x00000355       0xbc ./Drivers/STM32F1xx_HAL_Driver/Src/stm32f1xx_hal_adc.o
 .debug_rnglists
                0x00000411       0xbb ./Drivers/STM32F1xx_HAL_Driver/Src/stm32f1xx_hal_cortex.o
 .debug_rnglists
                0x000004cc       0x64 ./Drivers/STM32F1xx_HAL_Driver/Src/stm32f1xx_hal_dma.o
 .debug_rnglists
                0x00000530       0x3f ./Drivers/STM32F1xx_HAL_Driver/Src/stm32f1xx_hal_gpio.o
 .debug_rnglists
                0x0000056f      0x23c ./Drivers/STM32F1xx_HAL_Driver/Src/stm32f1xx_hal_i2c.o
 .debug_rnglists
                0x000007ab       0x6c ./Drivers/STM32F1xx_HAL_Driver/Src/stm32f1xx_hal_rcc.o
 .debug_rnglists
                0x00000817       0x21 ./Drivers/STM32F1xx_HAL_Driver/Src/stm32f1xx_hal_rcc_ex.o
 .debug_rnglists
                0x00000838      0x31a ./Drivers/STM32F1xx_HAL_Driver/Src/stm32f1xx_hal_tim.o
 .debug_rnglists
                0x00000b52      0x125 ./Drivers/STM32F1xx_HAL_Driver/Src/stm32f1xx_hal_tim_ex.o
 .debug_rnglists
                0x00000c77      0x1bc ./Drivers/STM32F1xx_HAL_Driver/Src/stm32f1xx_hal_uart.o

.debug_macro    0x00000000    0x1a940
 .debug_macro   0x00000000      0x359 ./Core/Src/dht20.o
 .debug_macro   0x00000359      0xaa8 ./Core/Src/dht20.o
 .debug_macro   0x00000e01       0x22 ./Core/Src/dht20.o
 .debug_macro   0x00000e23       0x5b ./Core/Src/dht20.o
 .debug_macro   0x00000e7e       0x24 ./Core/Src/dht20.o
 .debug_macro   0x00000ea2       0x94 ./Core/Src/dht20.o
 .debug_macro   0x00000f36       0x43 ./Core/Src/dht20.o
 .debug_macro   0x00000f79       0x34 ./Core/Src/dht20.o
 .debug_macro   0x00000fad       0x16 ./Core/Src/dht20.o
 .debug_macro   0x00000fc3       0x57 ./Core/Src/dht20.o
 .debug_macro   0x0000101a       0x9e ./Core/Src/dht20.o
 .debug_macro   0x000010b8      0x369 ./Core/Src/dht20.o
 .debug_macro   0x00001421      0x10b ./Core/Src/dht20.o
 .debug_macro   0x0000152c       0x10 ./Core/Src/dht20.o
 .debug_macro   0x0000153c       0x16 ./Core/Src/dht20.o
 .debug_macro   0x00001552       0x43 ./Core/Src/dht20.o
 .debug_macro   0x00001595       0x34 ./Core/Src/dht20.o
 .debug_macro   0x000015c9       0x10 ./Core/Src/dht20.o
 .debug_macro   0x000015d9       0x58 ./Core/Src/dht20.o
 .debug_macro   0x00001631       0x8e ./Core/Src/dht20.o
 .debug_macro   0x000016bf       0x1c ./Core/Src/dht20.o
 .debug_macro   0x000016db      0x177 ./Core/Src/dht20.o
 .debug_macro   0x00001852       0x16 ./Core/Src/dht20.o
 .debug_macro   0x00001868       0x16 ./Core/Src/dht20.o
 .debug_macro   0x0000187e      0x146 ./Core/Src/dht20.o
 .debug_macro   0x000019c4      0x227 ./Core/Src/dht20.o
 .debug_macro   0x00001beb       0x2e ./Core/Src/dht20.o
 .debug_macro   0x00001c19       0x22 ./Core/Src/dht20.o
 .debug_macro   0x00001c3b      0x103 ./Core/Src/dht20.o
 .debug_macro   0x00001d3e       0x6a ./Core/Src/dht20.o
 .debug_macro   0x00001da8      0x1df ./Core/Src/dht20.o
 .debug_macro   0x00001f87       0x1c ./Core/Src/dht20.o
 .debug_macro   0x00001fa3       0x22 ./Core/Src/dht20.o
 .debug_macro   0x00001fc5       0xbd ./Core/Src/dht20.o
 .debug_macro   0x00002082      0xd23 ./Core/Src/dht20.o
 .debug_macro   0x00002da5     0xe09e ./Core/Src/dht20.o
 .debug_macro   0x00010e43       0x6d ./Core/Src/dht20.o
 .debug_macro   0x00010eb0     0x34a2 ./Core/Src/dht20.o
 .debug_macro   0x00014352       0x56 ./Core/Src/dht20.o
 .debug_macro   0x000143a8      0x5bc ./Core/Src/dht20.o
 .debug_macro   0x00014964      0x289 ./Core/Src/dht20.o
 .debug_macro   0x00014bed      0x1cb ./Core/Src/dht20.o
 .debug_macro   0x00014db8      0x114 ./Core/Src/dht20.o
 .debug_macro   0x00014ecc      0x1b2 ./Core/Src/dht20.o
 .debug_macro   0x0001507e       0x27 ./Core/Src/dht20.o
 .debug_macro   0x000150a5      0x136 ./Core/Src/dht20.o
 .debug_macro   0x000151db      0x1bc ./Core/Src/dht20.o
 .debug_macro   0x00015397       0x34 ./Core/Src/dht20.o
 .debug_macro   0x000153cb       0x3c ./Core/Src/dht20.o
 .debug_macro   0x00015407       0x57 ./Core/Src/dht20.o
 .debug_macro   0x0001545e      0x46a ./Core/Src/dht20.o
 .debug_macro   0x000158c8      0x1b5 ./Core/Src/dht20.o
 .debug_macro   0x00015a7d       0x87 ./Core/Src/dht20.o
 .debug_macro   0x00015b04      0x240 ./Core/Src/dht20.o
 .debug_macro   0x00015d44      0x287 ./Core/Src/dht20.o
 .debug_macro   0x00015fcb      0x140 ./Core/Src/dht20.o
 .debug_macro   0x0001610b      0x8ed ./Core/Src/dht20.o
 .debug_macro   0x000169f8      0x28e ./Core/Src/dht20.o
 .debug_macro   0x00016c86       0x83 ./Core/Src/dht20.o
 .debug_macro   0x00016d09       0x70 ./Core/Src/dht20.o
 .debug_macro   0x00016d79       0x16 ./Core/Src/dht20.o
 .debug_macro   0x00016d8f       0x16 ./Core/Src/dht20.o
 .debug_macro   0x00016da5       0x35 ./Core/Src/dht20.o
 .debug_macro   0x00016dda       0x16 ./Core/Src/dht20.o
 .debug_macro   0x00016df0       0x29 ./Core/Src/dht20.o
 .debug_macro   0x00016e19       0x16 ./Core/Src/dht20.o
 .debug_macro   0x00016e2f       0x20 ./Core/Src/dht20.o
 .debug_macro   0x00016e4f       0x3a ./Core/Src/dht20.o
 .debug_macro   0x00016e89       0x10 ./Core/Src/dht20.o
 .debug_macro   0x00016e99      0x359 ./Core/Src/i2c-lcd.o
 .debug_macro   0x000171f2       0x8e ./Core/Src/i2c-lcd.o
 .debug_macro   0x00017280       0x51 ./Core/Src/i2c-lcd.o
 .debug_macro   0x000172d1      0x189 ./Core/Src/i2c-lcd.o
 .debug_macro   0x0001745a       0x5c ./Core/Src/i2c-lcd.o
 .debug_macro   0x000174b6       0x61 ./Core/Src/i2c-lcd.o
 .debug_macro   0x00017517       0x76 ./Core/Src/i2c-lcd.o
 .debug_macro   0x0001758d      0x1e9 ./Core/Src/input_button.o
 .debug_macro   0x00017776      0x3a2 ./Core/Src/main.o
 .debug_macro   0x00017b18       0x10 ./Core/Src/main.o
 .debug_macro   0x00017b28       0x10 ./Core/Src/main.o
 .debug_macro   0x00017b38      0x361 ./Core/Src/manual_fsm.o
 .debug_macro   0x00017e99       0x10 ./Core/Src/manual_fsm.o
 .debug_macro   0x00017ea9       0x1c ./Core/Src/manual_fsm.o
 .debug_macro   0x00017ec5       0x1c ./Core/Src/manual_fsm.o
 .debug_macro   0x00017ee1       0x40 ./Core/Src/manual_fsm.o
 .debug_macro   0x00017f21      0x2ac ./Core/Src/output_led.o
 .debug_macro   0x000181cd      0x361 ./Core/Src/rain_sensor.o
 .debug_macro   0x0001852e      0x1e3 ./Core/Src/scheduler.o
 .debug_macro   0x00018711      0x1df ./Core/Src/software_timer.o
 .debug_macro   0x000188f0      0x1d0 ./Core/Src/stm32f1xx_hal_msp.o
 .debug_macro   0x00018ac0      0x1da ./Core/Src/stm32f1xx_it.o
 .debug_macro   0x00018c9a       0xff ./Core/Src/sysmem.o
 .debug_macro   0x00018d99      0x23c ./Core/Src/sysmem.o
 .debug_macro   0x00018fd5      0x1c1 ./Core/Src/system_stm32f1xx.o
 .debug_macro   0x00019196      0x351 ./Core/Src/uart_reading.o
 .debug_macro   0x000194e7      0x1e5 ./Drivers/STM32F1xx_HAL_Driver/Src/stm32f1xx_hal.o
 .debug_macro   0x000196cc      0x1de ./Drivers/STM32F1xx_HAL_Driver/Src/stm32f1xx_hal_adc.o
 .debug_macro   0x000198aa      0x1c1 ./Drivers/STM32F1xx_HAL_Driver/Src/stm32f1xx_hal_cortex.o
 .debug_macro   0x00019a6b      0x1c1 ./Drivers/STM32F1xx_HAL_Driver/Src/stm32f1xx_hal_dma.o
 .debug_macro   0x00019c2c      0x22c ./Drivers/STM32F1xx_HAL_Driver/Src/stm32f1xx_hal_gpio.o
 .debug_macro   0x00019e58      0x20f ./Drivers/STM32F1xx_HAL_Driver/Src/stm32f1xx_hal_i2c.o
 .debug_macro   0x0001a067      0x1d3 ./Drivers/STM32F1xx_HAL_Driver/Src/stm32f1xx_hal_rcc.o
 .debug_macro   0x0001a23a      0x1c1 ./Drivers/STM32F1xx_HAL_Driver/Src/stm32f1xx_hal_rcc_ex.o
 .debug_macro   0x0001a3fb      0x1c2 ./Drivers/STM32F1xx_HAL_Driver/Src/stm32f1xx_hal_tim.o
 .debug_macro   0x0001a5bd      0x1c1 ./Drivers/STM32F1xx_HAL_Driver/Src/stm32f1xx_hal_tim_ex.o
 .debug_macro   0x0001a77e      0x1c2 ./Drivers/STM32F1xx_HAL_Driver/Src/stm32f1xx_hal_uart.o

.debug_line     0x00000000    0x1896d
 .debug_line    0x00000000      0xb33 ./Core/Src/dht20.o
 .debug_line    0x00000b33      0xa23 ./Core/Src/i2c-lcd.o
 .debug_line    0x00001556      0x76f ./Core/Src/input_button.o
 .debug_line    0x00001cc5      0xbb6 ./Core/Src/main.o
 .debug_line    0x0000287b      0x9b4 ./Core/Src/manual_fsm.o
 .debug_line    0x0000322f      0x8d0 ./Core/Src/output_led.o
 .debug_line    0x00003aff      0x9b8 ./Core/Src/rain_sensor.o
 .debug_line    0x000044b7      0xaa8 ./Core/Src/scheduler.o
 .debug_line    0x00004f5f      0x78e ./Core/Src/software_timer.o
 .debug_line    0x000056ed      0x858 ./Core/Src/stm32f1xx_hal_msp.o
 .debug_line    0x00005f45      0x827 ./Core/Src/stm32f1xx_it.o
 .debug_line    0x0000676c      0x565 ./Core/Src/sysmem.o
 .debug_line    0x00006cd1      0x7b3 ./Core/Src/system_stm32f1xx.o
 .debug_line    0x00007484      0xb32 ./Core/Src/uart_reading.o
 .debug_line    0x00007fb6       0x79 ./Core/Startup/startup_stm32f103rbtx.o
 .debug_line    0x0000802f      0x9e0 ./Drivers/STM32F1xx_HAL_Driver/Src/stm32f1xx_hal.o
 .debug_line    0x00008a0f     0x105d ./Drivers/STM32F1xx_HAL_Driver/Src/stm32f1xx_hal_adc.o
 .debug_line    0x00009a6c      0xbcc ./Drivers/STM32F1xx_HAL_Driver/Src/stm32f1xx_hal_cortex.o
 .debug_line    0x0000a638      0xe39 ./Drivers/STM32F1xx_HAL_Driver/Src/stm32f1xx_hal_dma.o
 .debug_line    0x0000b471      0xa79 ./Drivers/STM32F1xx_HAL_Driver/Src/stm32f1xx_hal_gpio.o
 .debug_line    0x0000beea     0x3c7d ./Drivers/STM32F1xx_HAL_Driver/Src/stm32f1xx_hal_i2c.o
 .debug_line    0x0000fb67      0xde9 ./Drivers/STM32F1xx_HAL_Driver/Src/stm32f1xx_hal_rcc.o
 .debug_line    0x00010950      0x92a ./Drivers/STM32F1xx_HAL_Driver/Src/stm32f1xx_hal_rcc_ex.o
 .debug_line    0x0001127a     0x3505 ./Drivers/STM32F1xx_HAL_Driver/Src/stm32f1xx_hal_tim.o
 .debug_line    0x0001477f     0x192f ./Drivers/STM32F1xx_HAL_Driver/Src/stm32f1xx_hal_tim_ex.o
 .debug_line    0x000160ae     0x28bf ./Drivers/STM32F1xx_HAL_Driver/Src/stm32f1xx_hal_uart.o

.debug_str      0x00000000    0x924b3
 .debug_str     0x00000000    0x8d6ff ./Core/Src/dht20.o
                              0x8daf9 (size before relaxing)
 .debug_str     0x0008d6ff       0xb1 ./Core/Src/i2c-lcd.o
                              0x8d9f3 (size before relaxing)
 .debug_str     0x0008d7b0       0x7f ./Core/Src/input_button.o
                              0x89c33 (size before relaxing)
 .debug_str     0x0008d82f      0xaf2 ./Core/Src/main.o
                              0x8e505 (size before relaxing)
 .debug_str     0x0008e321       0x73 ./Core/Src/manual_fsm.o
                              0x8d4d0 (size before relaxing)
 .debug_str     0x0008e394       0x25 ./Core/Src/output_led.o
                              0x8d2b3 (size before relaxing)
 .debug_str     0x0008e3b9       0xbc ./Core/Src/rain_sensor.o
                              0x8d8bb (size before relaxing)
 .debug_str     0x0008e475       0x92 ./Core/Src/scheduler.o
                              0x89c11 (size before relaxing)
 .debug_str     0x0008e507       0x3e ./Core/Src/software_timer.o
                              0x89baa (size before relaxing)
 .debug_str     0x0008e545      0x3bc ./Core/Src/stm32f1xx_hal_msp.o
                              0x8aa49 (size before relaxing)
 .debug_str     0x0008e901      0x112 ./Core/Src/stm32f1xx_it.o
                              0x8a300 (size before relaxing)
 .debug_str     0x0008ea13      0x4dc ./Core/Src/sysmem.o
                               0x60a6 (size before relaxing)
 .debug_str     0x0008eeef       0x7e ./Core/Src/system_stm32f1xx.o
                              0x89a33 (size before relaxing)
 .debug_str     0x0008ef6d       0xdc ./Core/Src/uart_reading.o
                              0x8dcfe (size before relaxing)
 .debug_str     0x0008f049       0x44 ./Core/Startup/startup_stm32f103rbtx.o
                                 0xb1 (size before relaxing)
 .debug_str     0x0008f08d      0x384 ./Drivers/STM32F1xx_HAL_Driver/Src/stm32f1xx_hal.o
                              0x8a166 (size before relaxing)
 .debug_str     0x0008f411      0x355 ./Drivers/STM32F1xx_HAL_Driver/Src/stm32f1xx_hal_adc.o
                              0x8a117 (size before relaxing)
 .debug_str     0x0008f766      0x294 ./Drivers/STM32F1xx_HAL_Driver/Src/stm32f1xx_hal_cortex.o
                              0x8a0b2 (size before relaxing)
 .debug_str     0x0008f9fa      0x211 ./Drivers/STM32F1xx_HAL_Driver/Src/stm32f1xx_hal_dma.o
                              0x89ddc (size before relaxing)
 .debug_str     0x0008fc0b      0x2d0 ./Drivers/STM32F1xx_HAL_Driver/Src/stm32f1xx_hal_gpio.o
                              0x89db9 (size before relaxing)
 .debug_str     0x0008fedb      0xb5d ./Drivers/STM32F1xx_HAL_Driver/Src/stm32f1xx_hal_i2c.o
                              0x8aafa (size before relaxing)
 .debug_str     0x00090a38      0x209 ./Drivers/STM32F1xx_HAL_Driver/Src/stm32f1xx_hal_rcc.o
                              0x89e62 (size before relaxing)
 .debug_str     0x00090c41       0x84 ./Drivers/STM32F1xx_HAL_Driver/Src/stm32f1xx_hal_rcc_ex.o
                              0x89bb2 (size before relaxing)
 .debug_str     0x00090cc5      0xda5 ./Drivers/STM32F1xx_HAL_Driver/Src/stm32f1xx_hal_tim.o
                              0x8ae64 (size before relaxing)
 .debug_str     0x00091a6a      0x493 ./Drivers/STM32F1xx_HAL_Driver/Src/stm32f1xx_hal_tim_ex.o
                              0x8a670 (size before relaxing)
 .debug_str     0x00091efd      0x5b6 ./Drivers/STM32F1xx_HAL_Driver/Src/stm32f1xx_hal_uart.o
                              0x8a4d3 (size before relaxing)

.comment        0x00000000       0x43
 .comment       0x00000000       0x43 ./Core/Src/dht20.o
                                 0x44 (size before relaxing)
 .comment       0x00000043       0x44 ./Core/Src/i2c-lcd.o
 .comment       0x00000043       0x44 ./Core/Src/input_button.o
 .comment       0x00000043       0x44 ./Core/Src/main.o
 .comment       0x00000043       0x44 ./Core/Src/manual_fsm.o
 .comment       0x00000043       0x44 ./Core/Src/output_led.o
 .comment       0x00000043       0x44 ./Core/Src/rain_sensor.o
 .comment       0x00000043       0x44 ./Core/Src/scheduler.o
 .comment       0x00000043       0x44 ./Core/Src/software_timer.o
 .comment       0x00000043       0x44 ./Core/Src/stm32f1xx_hal_msp.o
 .comment       0x00000043       0x44 ./Core/Src/stm32f1xx_it.o
 .comment       0x00000043       0x44 ./Core/Src/sysmem.o
 .comment       0x00000043       0x44 ./Core/Src/system_stm32f1xx.o
 .comment       0x00000043       0x44 ./Core/Src/uart_reading.o
 .comment       0x00000043       0x44 ./Drivers/STM32F1xx_HAL_Driver/Src/stm32f1xx_hal.o
 .comment       0x00000043       0x44 ./Drivers/STM32F1xx_HAL_Driver/Src/stm32f1xx_hal_adc.o
 .comment       0x00000043       0x44 ./Drivers/STM32F1xx_HAL_Driver/Src/stm32f1xx_hal_cortex.o
 .comment       0x00000043       0x44 ./Drivers/STM32F1xx_HAL_Driver/Src/stm32f1xx_hal_dma.o
 .comment       0x00000043       0x44 ./Drivers/STM32F1xx_HAL_Driver/Src/stm32f1xx_hal_gpio.o
 .comment       0x00000043       0x44 ./Drivers/STM32F1xx_HAL_Driver/Src/stm32f1xx_hal_i2c.o
 .comment       0x00000043       0x44 ./Drivers/STM32F1xx_HAL_Driver/Src/stm32f1xx_hal_rcc.o
 .comment       0x00000043       0x44 ./Drivers/STM32F1xx_HAL_Driver/Src/stm32f1xx_hal_rcc_ex.o
 .comment       0x00000043       0x44 ./Drivers/STM32F1xx_HAL_Driver/Src/stm32f1xx_hal_tim.o
 .comment       0x00000043       0x44 ./Drivers/STM32F1xx_HAL_Driver/Src/stm32f1xx_hal_tim_ex.o
 .comment       0x00000043       0x44 ./Drivers/STM32F1xx_HAL_Driver/Src/stm32f1xx_hal_uart.o

.debug_frame    0x00000000     0x50cc
 .debug_frame   0x00000000      0x14c ./Core/Src/dht20.o
 .debug_frame   0x0000014c      0x110 ./Core/Src/i2c-lcd.o
 .debug_frame   0x0000025c       0x34 ./Core/Src/input_button.o
 .debug_frame   0x00000290      0x154 ./Core/Src/main.o
 .debug_frame   0x000003e4       0x6c ./Core/Src/manual_fsm.o
 .debug_frame   0x00000450       0x80 ./Core/Src/output_led.o
 .debug_frame   0x000004d0       0xa0 ./Core/Src/rain_sensor.o
 .debug_frame   0x00000570       0xfc ./Core/Src/scheduler.o
 .debug_frame   0x0000066c       0x60 ./Core/Src/software_timer.o
 .debug_frame   0x000006cc      0x158 ./Core/Src/stm32f1xx_hal_msp.o
 .debug_frame   0x00000824      0x13c ./Core/Src/stm32f1xx_it.o
 .debug_frame   0x00000960       0x34 ./Core/Src/sysmem.o
 .debug_frame   0x00000994       0x58 ./Core/Src/system_stm32f1xx.o
 .debug_frame   0x000009ec      0x104 ./Core/Src/uart_reading.o
 .debug_frame   0x00000af0      0x334 ./Drivers/STM32F1xx_HAL_Driver/Src/stm32f1xx_hal.o
 .debug_frame   0x00000e24      0x40c ./Drivers/STM32F1xx_HAL_Driver/Src/stm32f1xx_hal_adc.o
 .debug_frame   0x00001230      0x428 ./Drivers/STM32F1xx_HAL_Driver/Src/stm32f1xx_hal_cortex.o
 .debug_frame   0x00001658      0x208 ./Drivers/STM32F1xx_HAL_Driver/Src/stm32f1xx_hal_dma.o
 .debug_frame   0x00001860      0x14c ./Drivers/STM32F1xx_HAL_Driver/Src/stm32f1xx_hal_gpio.o
 .debug_frame   0x000019ac      0xc84 ./Drivers/STM32F1xx_HAL_Driver/Src/stm32f1xx_hal_i2c.o
 .debug_frame   0x00002630      0x218 ./Drivers/STM32F1xx_HAL_Driver/Src/stm32f1xx_hal_rcc.o
 .debug_frame   0x00002848       0x80 ./Drivers/STM32F1xx_HAL_Driver/Src/stm32f1xx_hal_rcc_ex.o
 .debug_frame   0x000028c8     0x11b8 ./Drivers/STM32F1xx_HAL_Driver/Src/stm32f1xx_hal_tim.o
 .debug_frame   0x00003a80      0x638 ./Drivers/STM32F1xx_HAL_Driver/Src/stm32f1xx_hal_tim_ex.o
 .debug_frame   0x000040b8      0x944 ./Drivers/STM32F1xx_HAL_Driver/Src/stm32f1xx_hal_uart.o
 .debug_frame   0x000049fc      0x144 E:/STM32CubeIDE_1.7.0/STM32CubeIDE/plugins/com.st.stm32cube.ide.mcu.externaltools.gnu-tools-for-stm32.12.3.rel1.win32_1.1.0.202410251130/tools/bin/../lib/gcc/arm-none-eabi/12.3.1/../../../../arm-none-eabi/lib/thumb/v7-m/nofp\libc_nano.a(libc_a-findfp.o)
 .debug_frame   0x00004b40       0x7c E:/STM32CubeIDE_1.7.0/STM32CubeIDE/plugins/com.st.stm32cube.ide.mcu.externaltools.gnu-tools-for-stm32.12.3.rel1.win32_1.1.0.202410251130/tools/bin/../lib/gcc/arm-none-eabi/12.3.1/../../../../arm-none-eabi/lib/thumb/v7-m/nofp\libc_nano.a(libc_a-snprintf.o)
 .debug_frame   0x00004bbc       0x6c E:/STM32CubeIDE_1.7.0/STM32CubeIDE/plugins/com.st.stm32cube.ide.mcu.externaltools.gnu-tools-for-stm32.12.3.rel1.win32_1.1.0.202410251130/tools/bin/../lib/gcc/arm-none-eabi/12.3.1/../../../../arm-none-eabi/lib/thumb/v7-m/nofp\libc_nano.a(libc_a-sprintf.o)
 .debug_frame   0x00004c28       0x20 E:/STM32CubeIDE_1.7.0/STM32CubeIDE/plugins/com.st.stm32cube.ide.mcu.externaltools.gnu-tools-for-stm32.12.3.rel1.win32_1.1.0.202410251130/tools/bin/../lib/gcc/arm-none-eabi/12.3.1/../../../../arm-none-eabi/lib/thumb/v7-m/nofp\libc_nano.a(libc_a-memset.o)